ARM Linker, RVCT4.0 [Build 524] for uVision [Standard]

==============================================================================

Section Cross References

    startup_stm32f10x_hd.o(STACK) refers (Special) to heapauxi.o(.text) for __use_two_region_memory
    startup_stm32f10x_hd.o(HEAP) refers (Special) to heapauxi.o(.text) for __use_two_region_memory
    startup_stm32f10x_hd.o(RESET) refers (Special) to heapauxi.o(.text) for __use_two_region_memory
    startup_stm32f10x_hd.o(RESET) refers to startup_stm32f10x_hd.o(STACK) for __initial_sp
    startup_stm32f10x_hd.o(RESET) refers to startup_stm32f10x_hd.o(.text) for Reset_Handler
    startup_stm32f10x_hd.o(RESET) refers to stm32f10x_it.o(.text) for NMI_Handler
    startup_stm32f10x_hd.o(.text) refers (Special) to heapauxi.o(.text) for __use_two_region_memory
    startup_stm32f10x_hd.o(.text) refers to system_stm32f10x.o(.text) for SystemInit
    startup_stm32f10x_hd.o(.text) refers to __main.o(!!!main) for __main
    startup_stm32f10x_hd.o(.text) refers to startup_stm32f10x_hd.o(HEAP) for Heap_Mem
    startup_stm32f10x_hd.o(.text) refers to startup_stm32f10x_hd.o(STACK) for Stack_Mem
    delay.o(.text) refers to delay.o(.data) for .data
    usart.o(.text) refers (Special) to use_no_semi_2.o(.text) for __use_no_semihosting
    usart.o(.text) refers to fflt_clz.o(x$fpl$ffltu) for __aeabi_ui2f
    usart.o(.text) refers to fdiv.o(x$fpl$fdiv) for __aeabi_fdiv
    usart.o(.text) refers to ffixu.o(x$fpl$ffixu) for __aeabi_f2uiz
    usart.o(.text) refers to faddsub_clz.o(x$fpl$frsb) for __aeabi_frsub
    usart.o(.text) refers to fmul.o(x$fpl$fmul) for __aeabi_fmul
    usart.o(.data) refers (Special) to use_no_semi_2.o(.text) for __use_no_semihosting
    system_stm32f10x.o(.text) refers to system_stm32f10x.o(.data) for SystemCoreClock
    stm32f10x_it.o(.text) refers to noretval__2printf.o(.text) for __2printf
    stm32f10x_it.o(.text) refers to sdcard.o(.text) for SD_ProcessIRQSrc
    main.o(.text) refers (Special) to _printf_d.o(.ARM.Collect$$_printf_percent$$00000009) for _printf_d
    main.o(.text) refers (Special) to _printf_dec.o(.text) for _printf_int_dec
    main.o(.text) refers (Special) to _printf_hex_int.o(.text) for _printf_longlong_hex
    main.o(.text) refers (Special) to _printf_percent.o(.ARM.Collect$$_printf_percent$$00000000) for _printf_percent
    main.o(.text) refers (Special) to _printf_pad.o(.text) for _printf_pre_padding
    main.o(.text) refers (Special) to _printf_s.o(.ARM.Collect$$_printf_percent$$00000014) for _printf_s
    main.o(.text) refers (Special) to _printf_str.o(.text) for _printf_str
    main.o(.text) refers (Special) to _printf_x.o(.ARM.Collect$$_printf_percent$$0000000C) for _printf_x
    main.o(.text) refers to misc.o(.text) for NVIC_PriorityGroupConfig
    main.o(.text) refers to sdcard.o(.text) for SD_Init
    main.o(.text) refers to noretval__2printf.o(.text) for __2printf
    main.o(.text) refers to usart.o(.text) for uart_init
    main.o(.text) refers to delay.o(.text) for delay_init
    main.o(.text) refers to lcd.o(.text) for LCD_Init
    main.o(.text) refers to led.o(.text) for LED_Init
    main.o(.text) refers to malloc.o(.text) for mem_init
    main.o(.text) refers to sd_fs_app.o(.text) for sd_fs_init
    main.o(.text) refers to exfuns.o(.text) for exfuns_init
    main.o(.text) refers to ff.o(.text) for f_mount
    main.o(.text) refers to vs10xx.o(.text) for VS_Init
    main.o(.text) refers to mp3player.o(.text) for mp3_play
    main.o(.text) refers to strcpy.o(.text) for strcpy
    main.o(.text) refers to strcat.o(.text) for strcat
    main.o(.text) refers to main.o(.bss) for SDCardInfo
    main.o(.text) refers to lcd.o(.data) for POINT_COLOR
    main.o(.text) refers to exfuns.o(.data) for fs
    main.o(.text) refers to main.o(.data) for ID1
    main.o(.bss) refers (Special) to _printf_d.o(.ARM.Collect$$_printf_percent$$00000009) for _printf_d
    main.o(.bss) refers (Special) to _printf_dec.o(.text) for _printf_int_dec
    main.o(.bss) refers (Special) to _printf_hex_int.o(.text) for _printf_longlong_hex
    main.o(.bss) refers (Special) to _printf_percent.o(.ARM.Collect$$_printf_percent$$00000000) for _printf_percent
    main.o(.bss) refers (Special) to _printf_pad.o(.text) for _printf_pre_padding
    main.o(.bss) refers (Special) to _printf_s.o(.ARM.Collect$$_printf_percent$$00000014) for _printf_s
    main.o(.bss) refers (Special) to _printf_str.o(.text) for _printf_str
    main.o(.bss) refers (Special) to _printf_x.o(.ARM.Collect$$_printf_percent$$0000000C) for _printf_x
    main.o(.data) refers (Special) to _printf_d.o(.ARM.Collect$$_printf_percent$$00000009) for _printf_d
    main.o(.data) refers (Special) to _printf_dec.o(.text) for _printf_int_dec
    main.o(.data) refers (Special) to _printf_hex_int.o(.text) for _printf_longlong_hex
    main.o(.data) refers (Special) to _printf_percent.o(.ARM.Collect$$_printf_percent$$00000000) for _printf_percent
[...]
    remove_chain                             0x08006227   Thumb Code   104  ff.o(.text)
    create_chain                             0x0800628f   Thumb Code   202  ff.o(.text)
    clmt_clust                               0x08006359   Thumb Code    48  ff.o(.text)
    dir_next                                 0x08006425   Thumb Code   280  ff.o(.text)
    ld_clust                                 0x0800653d   Thumb Code    32  ff.o(.text)
    st_clust                                 0x0800655d   Thumb Code    16  ff.o(.text)
    cmp_lfn                                  0x0800656d   Thumb Code   138  ff.o(.text)
    pick_lfn                                 0x080065f7   Thumb Code   112  ff.o(.text)
    fit_lfn                                  0x08006667   Thumb Code   118  ff.o(.text)
    sum_sfn                                  0x080067b3   Thumb Code    32  ff.o(.text)
    dir_find                                 0x080067d3   Thumb Code   222  ff.o(.text)
    dir_read                                 0x080068b1   Thumb Code   196  ff.o(.text)
    dir_register                             0x08006975   Thumb Code   428  ff.o(.text)
    dir_remove                               0x08006b21   Thumb Code    96  ff.o(.text)
    create_name                              0x08006b81   Thumb Code   698  ff.o(.text)
    get_fileinfo                             0x08006e3b   Thumb Code   342  ff.o(.text)
    follow_path                              0x08006f91   Thumb Code   168  ff.o(.text)
    check_fs                                 0x08007039   Thumb Code   138  ff.o(.text)
    chk_mounted                              0x080070c3   Thumb Code  1066  ff.o(.text)
    validate                                 0x080074ed   Thumb Code    54  ff.o(.text)
    .text                                    0x08008fc8   Section      404  exfuns.o(.text)
    .text                                    0x0800915c   Section      216  mycc936.o(.text)
    .text                                    0x08009234   Section      214  diskio.o(.text)
    .text                                    0x0800930c   Section     1744  mp3player.o(.text)
    .text                                    0x080099dc   Section        2  use_no_semi_2.o(.text)
    .text                                    0x080099e0   Section       32  noretval__2printf.o(.text)
    .text                                    0x08009a00   Section       40  noretval__2sprintf.o(.text)
    .text                                    0x08009a28   Section       76  _printf_pad.o(.text)
    .text                                    0x08009a74   Section       82  _printf_str.o(.text)
    .text                                    0x08009ac8   Section      112  _printf_dec.o(.text)
    .text                                    0x08009b38   Section       92  _printf_hex_int.o(.text)
    .text                                    0x08009b94   Section      328  __printf_flags_wp.o(.text)
    .text                                    0x08009cdc   Section       24  strcat.o(.text)
    .text                                    0x08009cf4   Section       74  strcpy.o(.text)
    .text                                    0x08009d3e   Section       62  strlen.o(.text)
    .text                                    0x08009d7c   Section      128  strcmpv7m.o(.text)
    .text                                    0x08009dfc   Section        6  heapauxi.o(.text)
    .text                                    0x08009e02   Section        2  use_no_semi.o(.text)
    .text                                    0x08009e04   Section      174  _printf_intcommon.o(.text)
    .text                                    0x08009eb4   Section       48  _printf_char_common.o(.text)
    _printf_input_char                       0x08009eb5   Thumb Code    10  _printf_char_common.o(.text)
    .text                                    0x08009ee4   Section       10  _sputc.o(.text)
    .text                                    0x08009eee   Section       44  _printf_char.o(.text)
    .text                                    0x08009f1a   Section       16  rtudiv10.o(.text)
    .text                                    0x08009f2c   Section        8  libspace.o(.text)
    .text                                    0x08009f34   Section       74  sys_stackheap_outer.o(.text)
    .text                                    0x08009f7e   Section       12  exit.o(.text)
    x$fpl$fadd                               0x08009f8c   Section      256  faddsub_clz.o(x$fpl$fadd)
    _fadd1                                   0x08009f9b   Thumb Code     0  faddsub_clz.o(x$fpl$fadd)
    x$fpl$fcheck                             0x0800a08c   Section       12  fcheck.o(x$fpl$fcheck)
    x$fpl$fcheck1                            0x0800a098   Section       12  fcheck1.o(x$fpl$fcheck1)
    x$fpl$fdiv                               0x0800a0a4   Section      484  fdiv.o(x$fpl$fdiv)
    _fdiv1                                   0x0800a0a5   Thumb Code     0  fdiv.o(x$fpl$fdiv)
    x$fpl$ffixu                              0x0800a288   Section       88  ffixu.o(x$fpl$ffixu)
    x$fpl$fflt                               0x0800a2e0   Section       50  fflt_clz.o(x$fpl$fflt)
    x$fpl$ffltu                              0x0800a312   Section        8  fflt_clz.o(x$fpl$ffltu)
    x$fpl$fmul                               0x0800a31c   Section      264  fmul.o(x$fpl$fmul)
    x$fpl$fnorm2                             0x0800a424   Section       74  fnorm2_clz.o(x$fpl$fnorm2)
    x$fpl$frsb                               0x0800a46e   Section       20  faddsub_clz.o(x$fpl$frsb)
    x$fpl$fsub                               0x0800a484   Section      292  faddsub_clz.o(x$fpl$fsub)
    _fsub1                                   0x0800a493   Thumb Code     0  faddsub_clz.o(x$fpl$fsub)
    x$fpl$funder                             0x0800a5a8   Section      134  funder.o(x$fpl$funder)
    x$fpl$retnan                             0x0800a62e   Section      100  retnan.o(x$fpl$retnan)
    x$fpl$trapveneer                         0x0800a692   Section       48  trapv.o(x$fpl$trapveneer)
    .constdata                               0x0800a6c2   Section     2660  lcd.o(.constdata)
    x$fpl$usenofp                            0x0800a6c2   Section        0  usenofp.o(x$fpl$usenofp)
    .constdata                               0x0800b128   Section       24  malloc.o(.constdata)
    .constdata                               0x0800b140   Section       64  vs10xx.o(.constdata)
    .constdata                               0x0800b180   Section       58  ff.o(.constdata)
    LfnOfs                                   0x0800b180   Data          13  ff.o(.constdata)
    vst                                      0x0800b18e   Data          22  ff.o(.constdata)
    cst                                      0x0800b1a4   Data          22  ff.o(.constdata)
    .constdata                               0x0800b1ba   Section      960  mycc936.o(.constdata)
    tbl_lower                                0x0800b1ba   Data         480  mycc936.o(.constdata)
    tbl_upper                                0x0800b39a   Data         480  mycc936.o(.constdata)
    .constdata                               0x0800b57a   Section    10866  mp3player.o(.constdata)
    .constdata                               0x0800dfec   Section       40  _printf_hex_int.o(.constdata)
    uc_hextab                                0x0800dfec   Data          20  _printf_hex_int.o(.constdata)
    lc_hextab                                0x0800e000   Data          20  _printf_hex_int.o(.constdata)
    .constdata                               0x0800e014   Section       17  __printf_flags_wp.o(.constdata)
    maptable                                 0x0800e014   Data          17  __printf_flags_wp.o(.constdata)
    .conststring                             0x0800e025   Section       88  exfuns.o(.conststring)
    .data                                    0x20000000   Section        4  delay.o(.data)
    fac_us                                   0x20000000   Data           1  delay.o(.data)
    fac_ms                                   0x20000002   Data           2  delay.o(.data)
    .data                                    0x20000004   Section        4  usart.o(.data)
    .data                                    0x20000008   Section       20  system_stm32f10x.o(.data)
    .data                                    0x2000001c   Section       14  main.o(.data)
    aa                                       0x2000001e   Data           9  main.o(.data)
    .data                                    0x2000002a   Section       20  stm32f10x_rcc.o(.data)
    APBAHBPrescTable                         0x2000002a   Data          16  stm32f10x_rcc.o(.data)
    ADCPrescTable                            0x2000003a   Data           4  stm32f10x_rcc.o(.data)
    .data                                    0x2000003e   Section        4  lcd.o(.data)
    .data                                    0x20000042   Section        2  flash.o(.data)
    .data                                    0x20000044   Section       28  malloc.o(.data)
    .data                                    0x20000060   Section       40  sdcard.o(.data)
    CardType                                 0x20000060   Data           4  sdcard.o(.data)
    RCA                                      0x20000064   Data           4  sdcard.o(.data)
    DeviceMode                               0x20000068   Data           4  sdcard.o(.data)
    TotalNumberOfBytes                       0x2000006c   Data           4  sdcard.o(.data)
    StopCondition                            0x20000070   Data           4  sdcard.o(.data)
    .data                                    0x20000088   Section     1040  sd_fs_app.o(.data)
    .data                                    0x20000498   Section        7  vs10xx.o(.data)
    .data                                    0x200004a0   Section       10  ff.o(.data)
    FatFs                                    0x200004a0   Data           8  ff.o(.data)
    Fsid                                     0x200004a8   Data           2  ff.o(.data)
    .data                                    0x200004ac   Section      340  exfuns.o(.data)
    .data                                    0x20000600   Section        4  mp3player.o(.data)
    playtime                                 0x20000602   Data           2  mp3player.o(.data)
    .bss                                     0x20000604   Section      660  main.o(.bss)
    path                                     0x20000604   Data          20  main.o(.bss)
    .bss                                     0x20000898   Section       10  lcd.o(.bss)
    .bss                                     0x200008a2   Section     4096  flash.o(.bss)
    .bss                                     0x200018a4   Section    43520  malloc.o(.bss)
    .bss                                     0x2000c2a4   Section      100  sdcard.o(.bss)
    CSD_Tab                                  0x2000c2a4   Data          16  sdcard.o(.bss)
    CID_Tab                                  0x2000c2b4   Data          16  sdcard.o(.bss)
    .bss                                     0x2000c308   Section     3248  sd_fs_app.o(.bss)
    .bss                                     0x2000cfb8   Section       25  fontupd.o(.bss)
    .bss                                     0x2000cfd4   Section       96  libspace.o(.bss)
    HEAP                                     0x2000d038   Section      512  startup_stm32f10x_hd.o(HEAP)
    Heap_Mem                                 0x2000d038   Data         512  startup_stm32f10x_hd.o(HEAP)
    STACK                                    0x2000d238   Section     2048  startup_stm32f10x_hd.o(STACK)
    Stack_Mem                                0x2000d238   Data        2048  startup_stm32f10x_hd.o(STACK)
    __initial_sp                             0x2000da38   Data           0  startup_stm32f10x_hd.o(STACK)
    .ARM.__AT_0x68000000                     0x68000000   Section    204800  malloc.o(.ARM.__AT_0x68000000)
    .ARM.__AT_0x68032000                     0x68032000   Section    12800  malloc.o(.ARM.__AT_0x68032000)

    Global Symbols

    Symbol Name                              Value     Ov Type        Size  Object(Section)

    BuildAttributes$$THM_ISAv4$P$D$K$B$S$PE$A:L22UL41UL21$X:L11$S22US41US21$IEEE1$IW$USESV6$~STKCKD$USESV7$~SHL$OSPACE$ROPI$IEEEJ$EBA8$UX$STANDARDLIB$REQ8$PRES8$EABIv2 0x00000000   Number         0  anon$$obj.o ABSOLUTE
    __ARM_use_no_argv                        0x00000000   Number         0  main.o ABSOLUTE
    _printf_flags                            0x00000000   Number         0  printf_stubs.o ABSOLUTE
    _printf_return_value                     0x00000000   Number         0  printf_stubs.o ABSOLUTE
    _printf_sizespec                         0x00000000   Number         0  printf_stubs.o ABSOLUTE
    _printf_widthprec                        0x00000000   Number         0  printf_stubs.o ABSOLUTE
    __ARM_exceptions_init                     - Undefined Weak Reference
    __alloca_initialize                       - Undefined Weak Reference
    __cpp_initialize__aeabi_                  - Undefined Weak Reference
    __cxa_finalize                            - Undefined Weak Reference
    __fpl_infinity                            - Undefined Weak Reference
    __rt_locale                               - Undefined Weak Reference
    __sigvec_lookup                           - Undefined Weak Reference
    _atexit_init                              - Undefined Weak Reference
    _call_atexit_fns                          - Undefined Weak Reference
    _clock_init                               - Undefined Weak Reference
    _fp_trap_init                             - Undefined Weak Reference
    _fp_trap_shutdown                         - Undefined Weak Reference
    _get_lc_collate                           - Undefined Weak Reference
    _get_lc_ctype                             - Undefined Weak Reference
    _get_lc_monetary                          - Undefined Weak Reference
    _get_lc_numeric                           - Undefined Weak Reference
    _get_lc_time                              - Undefined Weak Reference
    _getenv_init                              - Undefined Weak Reference
    _handle_redirection                       - Undefined Weak Reference
    _init_alloc                               - Undefined Weak Reference
    _init_user_alloc                          - Undefined Weak Reference
    _initio                                   - Undefined Weak Reference
    _mutex_acquire                            - Undefined Weak Reference
    _mutex_release                            - Undefined Weak Reference
    _printf_mbtowc                            - Undefined Weak Reference
    _printf_truncate_signed                   - Undefined Weak Reference
    _printf_truncate_unsigned                 - Undefined Weak Reference
    _rand_init                                - Undefined Weak Reference
    _signal_finish                            - Undefined Weak Reference
    _signal_init                              - Undefined Weak Reference
    _terminate_alloc                          - Undefined Weak Reference
    _terminate_user_alloc                     - Undefined Weak Reference
    _terminateio                              - Undefined Weak Reference
    __Vectors_Size                           0x00000130   Number         0  startup_stm32f10x_hd.o ABSOLUTE
    __Vectors                                0x08000000   Data           4  startup_stm32f10x_hd.o(RESET)
    __Vectors_End                            0x08000130   Data           0  startup_stm32f10x_hd.o(RESET)
    __main                                   0x08000131   Thumb Code     8  __main.o(!!!main)
    __scatterload                            0x08000139   Thumb Code     0  __scatter.o(!!!scatter)
    __scatterload_rt2                        0x08000139   Thumb Code    44  __scatter.o(!!!scatter)
    __scatterload_rt2_thumb_only             0x08000139   Thumb Code     0  __scatter.o(!!!scatter)
    __scatterload_null                       0x08000147   Thumb Code     0  __scatter.o(!!!scatter)
    __decompress                             0x0800016d   Thumb Code    90  __dczerorl2.o(!!dczerorl2)
    __decompress1                            0x0800016d   Thumb Code     0  __dczerorl2.o(!!dczerorl2)
    __scatterload_zeroinit                   0x080001c9   Thumb Code    28  __scatter_zi.o(!!handler_zi)
    _printf_d                                0x080001e5   Thumb Code     0  _printf_d.o(.ARM.Collect$$_printf_percent$$00000009)
    _printf_percent                          0x080001e5   Thumb Code     0  _printf_percent.o(.ARM.Collect$$_printf_percent$$00000000)
    _printf_x                                0x080001eb   Thumb Code     0  _printf_x.o(.ARM.Collect$$_printf_percent$$0000000C)
    _printf_s                                0x080001f1   Thumb Code     0  _printf_s.o(.ARM.Collect$$_printf_percent$$00000014)
    _printf_percent_end                      0x080001f7   Thumb Code     0  _printf_percent_end.o(.ARM.Collect$$_printf_percent$$00000017)
    __rt_lib_init                            0x080001fb   Thumb Code     0  libinit.o(.ARM.Collect$$libinit$$00000000)
    __rt_lib_init_alloca_1                   0x08000201   Thumb Code     0  libinit2.o(.ARM.Collect$$libinit$$0000002A)
    __rt_lib_init_argv_1                     0x08000201   Thumb Code     0  libinit2.o(.ARM.Collect$$libinit$$00000028)
    __rt_lib_init_atexit_1                   0x08000201   Thumb Code     0  libinit2.o(.ARM.Collect$$libinit$$00000017)
    __rt_lib_init_clock_1                    0x08000201   Thumb Code     0  libinit2.o(.ARM.Collect$$libinit$$0000001D)
    __rt_lib_init_cpp_1                      0x08000201   Thumb Code     0  libinit2.o(.ARM.Collect$$libinit$$0000002E)
    __rt_lib_init_exceptions_1               0x08000201   Thumb Code     0  libinit2.o(.ARM.Collect$$libinit$$0000002C)
    __rt_lib_init_fp_trap_1                  0x08000201   Thumb Code     0  libinit2.o(.ARM.Collect$$libinit$$0000001B)
    __rt_lib_init_getenv_1                   0x08000201   Thumb Code     0  libinit2.o(.ARM.Collect$$libinit$$0000001F)
    __rt_lib_init_heap_1                     0x08000201   Thumb Code     0  libinit2.o(.ARM.Collect$$libinit$$00000006)
    __rt_lib_init_lc_collate_1               0x08000201   Thumb Code     0  libinit2.o(.ARM.Collect$$libinit$$0000000D)
    __rt_lib_init_lc_ctype_1                 0x08000201   Thumb Code     0  libinit2.o(.ARM.Collect$$libinit$$0000000F)
    __rt_lib_init_lc_monetary_1              0x08000201   Thumb Code     0  libinit2.o(.ARM.Collect$$libinit$$00000011)
    __rt_lib_init_lc_numeric_1               0x08000201   Thumb Code     0  libinit2.o(.ARM.Collect$$libinit$$00000013)
    __rt_lib_init_lc_time_1                  0x08000201   Thumb Code     0  libinit2.o(.ARM.Collect$$libinit$$00000015)
    __rt_lib_init_rand_1                     0x08000201   Thumb Code     0  libinit2.o(.ARM.Collect$$libinit$$0000000A)
    __rt_lib_init_return                     0x08000201   Thumb Code     0  libinit2.o(.ARM.Collect$$libinit$$0000002F)
    __rt_lib_init_signal_1                   0x08000201   Thumb Code     0  libinit2.o(.ARM.Collect$$libinit$$00000019)
    __rt_lib_init_stdio_1                    0x08000201   Thumb Code     0  libinit2.o(.ARM.Collect$$libinit$$00000021)
    __rt_lib_init_user_alloc_1               0x08000201   Thumb Code     0  libinit2.o(.ARM.Collect$$libinit$$00000008)
    __rt_lib_shutdown                        0x08000203   Thumb Code     0  libshutdown.o(.ARM.Collect$$libshutdown$$00000000)
    __rt_lib_shutdown_fp_trap_1              0x08000205   Thumb Code     0  libshutdown2.o(.ARM.Collect$$libshutdown$$00000006)
    __rt_lib_shutdown_heap_1                 0x08000205   Thumb Code     0  libshutdown2.o(.ARM.Collect$$libshutdown$$0000000E)
    __rt_lib_shutdown_return                 0x08000205   Thumb Code     0  libshutdown2.o(.ARM.Collect$$libshutdown$$0000000F)
    __rt_lib_shutdown_signal_1               0x08000205   Thumb Code     0  libshutdown2.o(.ARM.Collect$$libshutdown$$00000009)
    __rt_lib_shutdown_stdio_1                0x08000205   Thumb Code     0  libshutdown2.o(.ARM.Collect$$libshutdown$$00000003)
    __rt_lib_shutdown_user_alloc_1           0x08000205   Thumb Code     0  libshutdown2.o(.ARM.Collect$$libshutdown$$0000000B)
    __rt_entry                               0x08000207   Thumb Code     0  rtentry.o(.ARM.Collect$$rtentry$$00000000)
    __rt_entry_presh_1                       0x08000207   Thumb Code     0  rtentry2.o(.ARM.Collect$$rtentry$$00000002)
    __rt_entry_sh                            0x08000207   Thumb Code     0  rtentry4.o(.ARM.Collect$$rtentry$$00000004)
    __rt_entry_li                            0x0800020d   Thumb Code     0  rtentry2.o(.ARM.Collect$$rtentry$$0000000A)
    __rt_entry_postsh_1                      0x0800020d   Thumb Code     0  rtentry2.o(.ARM.Collect$$rtentry$$00000009)
    __rt_entry_main                          0x08000211   Thumb Code     0  rtentry2.o(.ARM.Collect$$rtentry$$0000000D)
    __rt_entry_postli_1                      0x08000211   Thumb Code     0  rtentry2.o(.ARM.Collect$$rtentry$$0000000C)
    __rt_exit                                0x08000219   Thumb Code     0  rtexit.o(.ARM.Collect$$rtexit$$00000000)
    __rt_exit_ls                             0x08000219   Thumb Code     0  rtexit2.o(.ARM.Collect$$rtexit$$00000003)
    __rt_exit_prels_1                        0x08000219   Thumb Code     0  rtexit2.o(.ARM.Collect$$rtexit$$00000002)
    __rt_exit_exit                           0x0800021d   Thumb Code     0  rtexit2.o(.ARM.Collect$$rtexit$$00000004)
    Reset_Handler                            0x08000221   Thumb Code     8  startup_stm32f10x_hd.o(.text)
    ADC1_2_IRQHandler                        0x0800023b   Thumb Code     0  startup_stm32f10x_hd.o(.text)
    ADC3_IRQHandler                          0x0800023b   Thumb Code     0  startup_stm32f10x_hd.o(.text)
    CAN1_RX1_IRQHandler                      0x0800023b   Thumb Code     0  startup_stm32f10x_hd.o(.text)
    CAN1_SCE_IRQHandler                      0x0800023b   Thumb Code     0  startup_stm32f10x_hd.o(.text)
    DMA1_Channel1_IRQHandler                 0x0800023b   Thumb Code     0  startup_stm32f10x_hd.o(.text)
    DMA1_Channel2_IRQHandler                 0x0800023b   Thumb Code     0  startup_stm32f10x_hd.o(.text)
    DMA1_Channel3_IRQHandler                 0x0800023b   Thumb Code     0  startup_stm32f10x_hd.o(.text)
    DMA1_Channel4_IRQHandler                 0x0800023b   Thumb Code     0  startup_stm32f10x_hd.o(.text)
    DMA1_Channel5_IRQHandler                 0x0800023b   Thumb Code     0  startup_stm32f10x_hd.o(.text)
    DMA1_Channel6_IRQHandler                 0x0800023b   Thumb Code     0  startup_stm32f10x_hd.o(.text)
    DMA1_Channel7_IRQHandler                 0x0800023b   Thumb Code     0  startup_stm32f10x_hd.o(.text)
    DMA2_Channel1_IRQHandler                 0x0800023b   Thumb Code     0  startup_stm32f10x_hd.o(.text)
    DMA2_Channel2_IRQHandler                 0x0800023b   Thumb Code     0  startup_stm32f10x_hd.o(.text)
    DMA2_Channel3_IRQHandler                 0x0800023b   Thumb Code     0  startup_stm32f10x_hd.o(.text)
    DMA2_Channel4_5_IRQHandler               0x0800023b   Thumb Code     0  startup_stm32f10x_hd.o(.text)
    EXTI0_IRQHandler                         0x0800023b   Thumb Code     0  startup_stm32f10x_hd.o(.text)
    EXTI15_10_IRQHandler                     0x0800023b   Thumb Code     0  startup_stm32f10x_hd.o(.text)
    EXTI1_IRQHandler                         0x0800023b   Thumb Code     0  startup_stm32f10x_hd.o(.text)
    EXTI2_IRQHandler                         0x0800023b   Thumb Code     0  startup_stm32f10x_hd.o(.text)
    EXTI3_IRQHandler                         0x0800023b   Thumb Code     0  startup_stm32f10x_hd.o(.text)
    EXTI4_IRQHandler                         0x0800023b   Thumb Code     0  startup_stm32f10x_hd.o(.text)
    EXTI9_5_IRQHandler                       0x0800023b   Thumb Code     0  startup_stm32f10x_hd.o(.text)
    FLASH_IRQHandler                         0x0800023b   Thumb Code     0  startup_stm32f10x_hd.o(.text)
    FSMC_IRQHandler                          0x0800023b   Thumb Code     0  startup_stm32f10x_hd.o(.text)
    I2C1_ER_IRQHandler                       0x0800023b   Thumb Code     0  startup_stm32f10x_hd.o(.text)
    I2C1_EV_IRQHandler                       0x0800023b   Thumb Code     0  startup_stm32f10x_hd.o(.text)
    I2C2_ER_IRQHandler                       0x0800023b   Thumb Code     0  startup_stm32f10x_hd.o(.text)
    I2C2_EV_IRQHandler                       0x0800023b   Thumb Code     0  startup_stm32f10x_hd.o(.text)
    PVD_IRQHandler                           0x0800023b   Thumb Code     0  startup_stm32f10x_hd.o(.text)
    RCC_IRQHandler                           0x0800023b   Thumb Code     0  startup_stm32f10x_hd.o(.text)
    RTCAlarm_IRQHandler                      0x0800023b   Thumb Code     0  startup_stm32f10x_hd.o(.text)
    RTC_IRQHandler                           0x0800023b   Thumb Code     0  startup_stm32f10x_hd.o(.text)
    SPI1_IRQHandler                          0x0800023b   Thumb Code     0  startup_stm32f10x_hd.o(.text)
    SPI2_IRQHandler                          0x0800023b   Thumb Code     0  startup_stm32f10x_hd.o(.text)
    SPI3_IRQHandler                          0x0800023b   Thumb Code     0  startup_stm32f10x_hd.o(.text)
    TAMPER_IRQHandler                        0x0800023b   Thumb Code     0  startup_stm32f10x_hd.o(.text)
    TIM1_BRK_IRQHandler                      0x0800023b   Thumb Code     0  startup_stm32f10x_hd.o(.text)
    TIM1_CC_IRQHandler                       0x0800023b   Thumb Code     0  startup_stm32f10x_hd.o(.text)
    TIM1_TRG_COM_IRQHandler                  0x0800023b   Thumb Code     0  startup_stm32f10x_hd.o(.text)
    TIM1_UP_IRQHandler                       0x0800023b   Thumb Code     0  startup_stm32f10x_hd.o(.text)
    TIM2_IRQHandler                          0x0800023b   Thumb Code     0  startup_stm32f10x_hd.o(.text)
    TIM3_IRQHandler                          0x0800023b   Thumb Code     0  startup_stm32f10x_hd.o(.text)
    TIM4_IRQHandler                          0x0800023b   Thumb Code     0  startup_stm32f10x_hd.o(.text)
    TIM5_IRQHandler                          0x0800023b   Thumb Code     0  startup_stm32f10x_hd.o(.text)
    TIM6_IRQHandler                          0x0800023b   Thumb Code     0  startup_stm32f10x_hd.o(.text)
    TIM7_IRQHandler                          0x0800023b   Thumb Code     0  startup_stm32f10x_hd.o(.text)
    TIM8_BRK_IRQHandler                      0x0800023b   Thumb Code     0  startup_stm32f10x_hd.o(.text)
    TIM8_CC_IRQHandler                       0x0800023b   Thumb Code     0  startup_stm32f10x_hd.o(.text)
    TIM8_TRG_COM_IRQHandler                  0x0800023b   Thumb Code     0  startup_stm32f10x_hd.o(.text)
    TIM8_UP_IRQHandler                       0x0800023b   Thumb Code     0  startup_stm32f10x_hd.o(.text)
    UART4_IRQHandler                         0x0800023b   Thumb Code     0  startup_stm32f10x_hd.o(.text)
    UART5_IRQHandler                         0x0800023b   Thumb Code     0  startup_stm32f10x_hd.o(.text)
    USART1_IRQHandler                        0x0800023b   Thumb Code     0  startup_stm32f10x_hd.o(.text)
    USART2_IRQHandler                        0x0800023b   Thumb Code     0  startup_stm32f10x_hd.o(.text)
    USART3_IRQHandler                        0x0800023b   Thumb Code     0  startup_stm32f10x_hd.o(.text)
    USBWakeUp_IRQHandler                     0x0800023b   Thumb Code     0  startup_stm32f10x_hd.o(.text)
    USB_HP_CAN1_TX_IRQHandler                0x0800023b   Thumb Code     0  startup_stm32f10x_hd.o(.text)
    USB_LP_CAN1_RX0_IRQHandler               0x0800023b   Thumb Code     0  startup_stm32f10x_hd.o(.text)
    WWDG_IRQHandler                          0x0800023b   Thumb Code     0  startup_stm32f10x_hd.o(.text)
    __user_initial_stackheap                 0x0800023d   Thumb Code     0  startup_stm32f10x_hd.o(.text)
    delay_init                               0x08000261   Thumb Code    46  delay.o(.text)
    delay_ms                                 0x0800028f   Thumb Code    54  delay.o(.text)
    delay_us                                 0x080002c5   Thumb Code    52  delay.o(.text)
    _sys_exit                                0x080002fd   Thumb Code     6  usart.o(.text)
    fputc                                    0x08000303   Thumb Code    22  usart.o(.text)
    uart_init                                0x08000319   Thumb Code   184  usart.o(.text)
    SystemInit                               0x080004b1   Thumb Code    78  system_stm32f10x.o(.text)
    SystemCoreClockUpdate                    0x080004ff   Thumb Code   142  system_stm32f10x.o(.text)
    NMI_Handler                              0x080005b1   Thumb Code     2  stm32f10x_it.o(.text)
    HardFault_Handler                        0x080005b3   Thumb Code    12  stm32f10x_it.o(.text)
    MemManage_Handler                        0x080005bf   Thumb Code    12  stm32f10x_it.o(.text)
    BusFault_Handler                         0x080005cb   Thumb Code     4  stm32f10x_it.o(.text)
    UsageFault_Handler                       0x080005cf   Thumb Code     4  stm32f10x_it.o(.text)
    SVC_Handler                              0x080005d3   Thumb Code     2  stm32f10x_it.o(.text)
    DebugMon_Handler                         0x080005d5   Thumb Code     2  stm32f10x_it.o(.text)
    PendSV_Handler                           0x080005d7   Thumb Code     2  stm32f10x_it.o(.text)
    SysTick_Handler                          0x080005d9   Thumb Code     2  stm32f10x_it.o(.text)
    SDIO_IRQHandler                          0x080005db   Thumb Code     8  stm32f10x_it.o(.text)
    Sys_Soft_Reset                           0x08000649   Thumb Code     8  main.o(.text)
    JTAG_Set                                 0x08000651   Thumb Code    40  main.o(.text)
    NVIC_Configuration                       0x08000679   Thumb Code    40  main.o(.text)
    SD_USER_Init                             0x080006a1   Thumb Code    80  main.o(.text)
    main                                     0x080006f1   Thumb Code   244  main.o(.text)
    TEST                                     0x080007e5   Thumb Code    96  main.o(.text)
    NVIC_PriorityGroupConfig                 0x0800092d   Thumb Code    10  misc.o(.text)
    NVIC_Init                                0x08000937   Thumb Code   102  misc.o(.text)
    NVIC_SetVectorTable                      0x0800099d   Thumb Code    14  misc.o(.text)
    NVIC_SystemLPConfig                      0x080009ab   Thumb Code    38  misc.o(.text)
    SysTick_CLKSourceConfig                  0x080009d1   Thumb Code    40  misc.o(.text)
    DMA_DeInit                               0x08000a0d   Thumb Code   336  stm32f10x_dma.o(.text)
    DMA_Init                                 0x08000b5d   Thumb Code    60  stm32f10x_dma.o(.text)
    DMA_StructInit                           0x08000b99   Thumb Code    26  stm32f10x_dma.o(.text)
    DMA_Cmd                                  0x08000bb3   Thumb Code    24  stm32f10x_dma.o(.text)
    DMA_ITConfig                             0x08000bcb   Thumb Code    18  stm32f10x_dma.o(.text)
    DMA_SetCurrDataCounter                   0x08000bdd   Thumb Code     4  stm32f10x_dma.o(.text)
    DMA_GetCurrDataCounter                   0x08000be1   Thumb Code     8  stm32f10x_dma.o(.text)
    DMA_GetFlagStatus                        0x08000be9   Thumb Code    38  stm32f10x_dma.o(.text)
    DMA_ClearFlag                            0x08000c0f   Thumb Code    22  stm32f10x_dma.o(.text)
    DMA_GetITStatus                          0x08000c25   Thumb Code    38  stm32f10x_dma.o(.text)
    DMA_ClearITPendingBit                    0x08000c4b   Thumb Code    22  stm32f10x_dma.o(.text)
    FSMC_NORSRAMDeInit                       0x08000c69   Thumb Code    56  stm32f10x_fsmc.o(.text)
    FSMC_NANDDeInit                          0x08000ca1   Thumb Code    62  stm32f10x_fsmc.o(.text)
    FSMC_PCCARDDeInit                        0x08000cdf   Thumb Code    36  stm32f10x_fsmc.o(.text)
    FSMC_NORSRAMInit                         0x08000d03   Thumb Code   224  stm32f10x_fsmc.o(.text)
    FSMC_NANDInit                            0x08000de3   Thumb Code   132  stm32f10x_fsmc.o(.text)
    FSMC_PCCARDInit                          0x08000e67   Thumb Code   130  stm32f10x_fsmc.o(.text)
    FSMC_NORSRAMStructInit                   0x08000ee9   Thumb Code   114  stm32f10x_fsmc.o(.text)
    FSMC_NANDStructInit                      0x08000f5b   Thumb Code    54  stm32f10x_fsmc.o(.text)
    FSMC_PCCARDStructInit                    0x08000f91   Thumb Code    60  stm32f10x_fsmc.o(.text)
    FSMC_NORSRAMCmd                          0x08000fcd   Thumb Code    46  stm32f10x_fsmc.o(.text)
    FSMC_NANDCmd                             0x08000ffb   Thumb Code    86  stm32f10x_fsmc.o(.text)
    FSMC_PCCARDCmd                           0x08001051   Thumb Code    44  stm32f10x_fsmc.o(.text)
    FSMC_NANDECCCmd                          0x0800107d   Thumb Code    92  stm32f10x_fsmc.o(.text)
    FSMC_GetECC                              0x080010d9   Thumb Code    24  stm32f10x_fsmc.o(.text)
    FSMC_ITConfig                            0x080010f1   Thumb Code   128  stm32f10x_fsmc.o(.text)
    FSMC_GetFlagStatus                       0x08001171   Thumb Code    52  stm32f10x_fsmc.o(.text)
    FSMC_ClearFlag                           0x080011a5   Thumb Code    62  stm32f10x_fsmc.o(.text)
    FSMC_GetITStatus                         0x080011e3   Thumb Code    64  stm32f10x_fsmc.o(.text)
    FSMC_ClearITPendingBit                   0x08001223   Thumb Code    68  stm32f10x_fsmc.o(.text)
    GPIO_DeInit                              0x08001271   Thumb Code   172  stm32f10x_gpio.o(.text)
    GPIO_AFIODeInit                          0x0800131d   Thumb Code    20  stm32f10x_gpio.o(.text)
    GPIO_Init                                0x08001331   Thumb Code   268  stm32f10x_gpio.o(.text)
    GPIO_StructInit                          0x0800143d   Thumb Code    16  stm32f10x_gpio.o(.text)
    GPIO_ReadInputDataBit                    0x0800144d   Thumb Code    18  stm32f10x_gpio.o(.text)
    GPIO_ReadInputData                       0x0800145f   Thumb Code     8  stm32f10x_gpio.o(.text)
    GPIO_ReadOutputDataBit                   0x08001467   Thumb Code    18  stm32f10x_gpio.o(.text)
    GPIO_ReadOutputData                      0x08001479   Thumb Code     8  stm32f10x_gpio.o(.text)
    GPIO_SetBits                             0x08001481   Thumb Code     4  stm32f10x_gpio.o(.text)
    GPIO_ResetBits                           0x08001485   Thumb Code     4  stm32f10x_gpio.o(.text)
    GPIO_WriteBit                            0x08001489   Thumb Code    10  stm32f10x_gpio.o(.text)
    GPIO_Write                               0x08001493   Thumb Code     4  stm32f10x_gpio.o(.text)
    GPIO_PinLockConfig                       0x08001497   Thumb Code    18  stm32f10x_gpio.o(.text)
    GPIO_EventOutputConfig                   0x080014a9   Thumb Code    24  stm32f10x_gpio.o(.text)
    GPIO_EventOutputCmd                      0x080014c1   Thumb Code     6  stm32f10x_gpio.o(.text)
    GPIO_PinRemapConfig                      0x080014c7   Thumb Code   136  stm32f10x_gpio.o(.text)
    GPIO_EXTILineConfig                      0x0800154f   Thumb Code    60  stm32f10x_gpio.o(.text)
    GPIO_ETH_MediaInterfaceConfig            0x0800158b   Thumb Code     8  stm32f10x_gpio.o(.text)
    RCC_DeInit                               0x080015b9   Thumb Code    64  stm32f10x_rcc.o(.text)
    RCC_HSEConfig                            0x080015f9   Thumb Code    70  stm32f10x_rcc.o(.text)
    RCC_GetFlagStatus                        0x0800163f   Thumb Code    56  stm32f10x_rcc.o(.text)
    RCC_WaitForHSEStartUp                    0x08001677   Thumb Code    48  stm32f10x_rcc.o(.text)
    RCC_AdjustHSICalibrationValue            0x080016a7   Thumb Code    18  stm32f10x_rcc.o(.text)
    RCC_HSICmd                               0x080016b9   Thumb Code     6  stm32f10x_rcc.o(.text)
    RCC_PLLConfig                            0x080016bf   Thumb Code    22  stm32f10x_rcc.o(.text)
    RCC_PLLCmd                               0x080016d5   Thumb Code     6  stm32f10x_rcc.o(.text)
    RCC_SYSCLKConfig                         0x080016db   Thumb Code    16  stm32f10x_rcc.o(.text)
    RCC_GetSYSCLKSource                      0x080016eb   Thumb Code    10  stm32f10x_rcc.o(.text)
    RCC_HCLKConfig                           0x080016f5   Thumb Code    16  stm32f10x_rcc.o(.text)
    RCC_PCLK1Config                          0x08001705   Thumb Code    16  stm32f10x_rcc.o(.text)
    RCC_PCLK2Config                          0x08001715   Thumb Code    18  stm32f10x_rcc.o(.text)
    RCC_ITConfig                             0x08001727   Thumb Code    30  stm32f10x_rcc.o(.text)
    RCC_USBCLKConfig                         0x08001745   Thumb Code     8  stm32f10x_rcc.o(.text)
    RCC_ADCCLKConfig                         0x0800174d   Thumb Code    16  stm32f10x_rcc.o(.text)
    RCC_LSEConfig                            0x0800175d   Thumb Code    50  stm32f10x_rcc.o(.text)
    RCC_LSICmd                               0x0800178f   Thumb Code     6  stm32f10x_rcc.o(.text)
    RCC_RTCCLKConfig                         0x08001795   Thumb Code    12  stm32f10x_rcc.o(.text)
    RCC_RTCCLKCmd                            0x080017a1   Thumb Code     8  stm32f10x_rcc.o(.text)
    RCC_GetClocksFreq                        0x080017a9   Thumb Code   194  stm32f10x_rcc.o(.text)
    RCC_AHBPeriphClockCmd                    0x0800186b   Thumb Code    26  stm32f10x_rcc.o(.text)
    RCC_APB2PeriphClockCmd                   0x08001885   Thumb Code    26  stm32f10x_rcc.o(.text)
    RCC_APB1PeriphClockCmd                   0x0800189f   Thumb Code    26  stm32f10x_rcc.o(.text)
    RCC_APB2PeriphResetCmd                   0x080018b9   Thumb Code    26  stm32f10x_rcc.o(.text)
    RCC_APB1PeriphResetCmd                   0x080018d3   Thumb Code    26  stm32f10x_rcc.o(.text)
    RCC_BackupResetCmd                       0x080018ed   Thumb Code     8  stm32f10x_rcc.o(.text)
    RCC_ClockSecuritySystemCmd               0x080018f5   Thumb Code     6  stm32f10x_rcc.o(.text)
    RCC_MCOConfig                            0x080018fb   Thumb Code     6  stm32f10x_rcc.o(.text)
    RCC_ClearFlag                            0x08001901   Thumb Code    14  stm32f10x_rcc.o(.text)
    RCC_GetITStatus                          0x0800190f   Thumb Code    20  stm32f10x_rcc.o(.text)
    RCC_ClearITPendingBit                    0x08001923   Thumb Code     6  stm32f10x_rcc.o(.text)
    SDIO_DeInit                              0x08001949   Thumb Code    28  stm32f10x_sdio.o(.text)
    SDIO_Init                                0x08001965   Thumb Code    42  stm32f10x_sdio.o(.text)
    SDIO_StructInit                          0x0800198f   Thumb Code    16  stm32f10x_sdio.o(.text)
    SDIO_ClockCmd                            0x0800199f   Thumb Code     6  stm32f10x_sdio.o(.text)
    SDIO_SetPowerState                       0x080019a5   Thumb Code    22  stm32f10x_sdio.o(.text)
    SDIO_GetPowerState                       0x080019bb   Thumb Code    10  stm32f10x_sdio.o(.text)
    SDIO_ITConfig                            0x080019c5   Thumb Code    26  stm32f10x_sdio.o(.text)
    SDIO_DMACmd                              0x080019df   Thumb Code     6  stm32f10x_sdio.o(.text)
    SDIO_SendCommand                         0x080019e5   Thumb Code    38  stm32f10x_sdio.o(.text)
    SDIO_CmdStructInit                       0x08001a0b   Thumb Code    14  stm32f10x_sdio.o(.text)
    SDIO_GetCommandResponse                  0x08001a19   Thumb Code     8  stm32f10x_sdio.o(.text)
    SDIO_GetResponse                         0x08001a21   Thumb Code    14  stm32f10x_sdio.o(.text)
    SDIO_DataConfig                          0x08001a2f   Thumb Code    42  stm32f10x_sdio.o(.text)
    SDIO_DataStructInit                      0x08001a59   Thumb Code    20  stm32f10x_sdio.o(.text)
    SDIO_GetDataCounter                      0x08001a6d   Thumb Code     6  stm32f10x_sdio.o(.text)
    SDIO_ReadData                            0x08001a73   Thumb Code     8  stm32f10x_sdio.o(.text)
    SDIO_WriteData                           0x08001a7b   Thumb Code     8  stm32f10x_sdio.o(.text)
    SDIO_GetFIFOCount                        0x08001a83   Thumb Code     6  stm32f10x_sdio.o(.text)
    SDIO_StartSDIOReadWait                   0x08001a89   Thumb Code     8  stm32f10x_sdio.o(.text)
    SDIO_StopSDIOReadWait                    0x08001a91   Thumb Code     8  stm32f10x_sdio.o(.text)
    SDIO_SetSDIOReadWaitMode                 0x08001a99   Thumb Code     8  stm32f10x_sdio.o(.text)
    SDIO_SetSDIOOperation                    0x08001aa1   Thumb Code     8  stm32f10x_sdio.o(.text)
    SDIO_SendSDIOSuspendCmd                  0x08001aa9   Thumb Code     6  stm32f10x_sdio.o(.text)
    SDIO_CommandCompletionCmd                0x08001aaf   Thumb Code     8  stm32f10x_sdio.o(.text)
    SDIO_CEATAITCmd                          0x08001ab7   Thumb Code    12  stm32f10x_sdio.o(.text)
    SDIO_SendCEATACmd                        0x08001ac3   Thumb Code     8  stm32f10x_sdio.o(.text)
    SDIO_GetFlagStatus                       0x08001acb   Thumb Code    20  stm32f10x_sdio.o(.text)
    SDIO_ClearFlag                           0x08001adf   Thumb Code     6  stm32f10x_sdio.o(.text)
    SDIO_GetITStatus                         0x08001ae5   Thumb Code    20  stm32f10x_sdio.o(.text)
    SDIO_ClearITPendingBit                   0x08001af9   Thumb Code     6  stm32f10x_sdio.o(.text)
    SPI_I2S_DeInit                           0x08001b15   Thumb Code    76  stm32f10x_spi.o(.text)
    SPI_Init                                 0x08001b61   Thumb Code    60  stm32f10x_spi.o(.text)
    I2S_Init                                 0x08001b9d   Thumb Code   216  stm32f10x_spi.o(.text)
    SPI_StructInit                           0x08001c75   Thumb Code    24  stm32f10x_spi.o(.text)
    I2S_StructInit                           0x08001c8d   Thumb Code    20  stm32f10x_spi.o(.text)
    SPI_Cmd                                  0x08001ca1   Thumb Code    24  stm32f10x_spi.o(.text)
    I2S_Cmd                                  0x08001cb9   Thumb Code    24  stm32f10x_spi.o(.text)
    SPI_I2S_ITConfig                         0x08001cd1   Thumb Code    36  stm32f10x_spi.o(.text)
    SPI_I2S_DMACmd                           0x08001cf5   Thumb Code    24  stm32f10x_spi.o(.text)
    SPI_I2S_SendData                         0x08001d0d   Thumb Code     4  stm32f10x_spi.o(.text)
    SPI_I2S_ReceiveData                      0x08001d11   Thumb Code     6  stm32f10x_spi.o(.text)
    SPI_NSSInternalSoftwareConfig            0x08001d17   Thumb Code    30  stm32f10x_spi.o(.text)
    SPI_SSOutputCmd                          0x08001d35   Thumb Code    24  stm32f10x_spi.o(.text)
    SPI_DataSizeConfig                       0x08001d4d   Thumb Code    18  stm32f10x_spi.o(.text)
    SPI_TransmitCRC                          0x08001d5f   Thumb Code    10  stm32f10x_spi.o(.text)
    SPI_CalculateCRC                         0x08001d69   Thumb Code    24  stm32f10x_spi.o(.text)
    SPI_GetCRC                               0x08001d81   Thumb Code    16  stm32f10x_spi.o(.text)
    SPI_GetCRCPolynomial                     0x08001d91   Thumb Code     6  stm32f10x_spi.o(.text)
    SPI_BiDirectionalLineConfig              0x08001d97   Thumb Code    28  stm32f10x_spi.o(.text)
    SPI_I2S_GetFlagStatus                    0x08001db3   Thumb Code    18  stm32f10x_spi.o(.text)
    SPI_I2S_ClearFlag                        0x08001dc5   Thumb Code     6  stm32f10x_spi.o(.text)
    SPI_I2S_GetITStatus                      0x08001dcb   Thumb Code    52  stm32f10x_spi.o(.text)
    SPI_I2S_ClearITPendingBit                0x08001dff   Thumb Code    20  stm32f10x_spi.o(.text)
    LCD_LCD_WriteReg                         0x08001e21   Thumb Code     8  lcd.o(.text)
    LCD_WR_DATA                              0x08001e29   Thumb Code     6  lcd.o(.text)
    LCD_RD_DATA                              0x08001e2f   Thumb Code     6  lcd.o(.text)
    LCD_WriteReg                             0x08001e35   Thumb Code    12  lcd.o(.text)
    LCD_ReadReg                              0x08001e41   Thumb Code    22  lcd.o(.text)
    LCD_WriteRAM_Prepare                     0x08001e57   Thumb Code    10  lcd.o(.text)
    LCD_WriteRAM                             0x08001e61   Thumb Code     6  lcd.o(.text)
    LCD_BGR2RGB                              0x08001e67   Thumb Code    26  lcd.o(.text)
    opt_delay_ms                             0x08001e81   Thumb Code    14  lcd.o(.text)
    LCD_SetCursor                            0x08001e8f   Thumb Code    24  lcd.o(.text)
    LCD_ReadPoint                            0x08001ea7   Thumb Code    48  lcd.o(.text)
    LCD_DisplayOn                            0x08001ed7   Thumb Code     2  lcd.o(.text)
    LCD_DisplayOff                           0x08001ed9   Thumb Code     2  lcd.o(.text)
    LCD_Scan_Dir                             0x08001edb   Thumb Code     2  lcd.o(.text)
    LCD_DrawPoint                            0x08001edd   Thumb Code    28  lcd.o(.text)
    LCD_Fast_DrawPoint                       0x08001ef9   Thumb Code    26  lcd.o(.text)
    LCD_Display_Dir                          0x08001f13   Thumb Code    18  lcd.o(.text)
    LCD_GPIO_Config                          0x08001f25   Thumb Code   148  lcd.o(.text)
    LCD_FSMC_Config                          0x08001fb9   Thumb Code   100  lcd.o(.text)
    LCD_Clear                                0x0800201d   Thumb Code    42  lcd.o(.text)
    LCD_Init                                 0x08002047   Thumb Code   366  lcd.o(.text)
    LCD_SetDisplayWindow                     0x080021b5   Thumb Code    48  lcd.o(.text)
    LCD_Fill                                 0x080021e5   Thumb Code   134  lcd.o(.text)
    LCD_Color_Fill                           0x0800226b   Thumb Code   102  lcd.o(.text)
    LCD_DrawLine                             0x080022d1   Thumb Code   200  lcd.o(.text)
    LCD_DrawRectangle                        0x08002399   Thumb Code    60  lcd.o(.text)
    Draw_Circle                              0x080023d5   Thumb Code   172  lcd.o(.text)
    LCD_ShowChar                             0x08002481   Thumb Code   346  lcd.o(.text)
    LCD_Pow                                  0x080025db   Thumb Code    22  lcd.o(.text)
    LCD_ShowNum                              0x080025f1   Thumb Code   184  lcd.o(.text)
    LCD_ShowxNum                             0x080026a9   Thumb Code   200  lcd.o(.text)
    LCD_ShowString                           0x08002771   Thumb Code   104  lcd.o(.text)
    SPI1_Init                                0x080027d9   Thumb Code     2  spi.o(.text)
    SPI2_ReadWriteByte                       0x080027db   Thumb Code    70  spi.o(.text)
    SPI2_Init                                0x08002821   Thumb Code   144  spi.o(.text)
    SPI2_SetSpeed                            0x080028b1   Thumb Code    46  spi.o(.text)
    SPI_Flash_ReadID                         0x080028ed   Thumb Code    64  flash.o(.text)
    SPI_Flash_Init                           0x0800292d   Thumb Code   114  flash.o(.text)
    SPI_Flash_ReadSR                         0x0800299f   Thumb Code    36  flash.o(.text)
    SPI_FLASH_Write_SR                       0x080029c3   Thumb Code    32  flash.o(.text)
    SPI_FLASH_Write_Enable                   0x080029e3   Thumb Code    24  flash.o(.text)
    SPI_FLASH_Write_Disable                  0x080029fb   Thumb Code    24  flash.o(.text)
    SPI_Flash_Read                           0x08002a13   Thumb Code    74  flash.o(.text)
    SPI_Flash_Wait_Busy                      0x08002a5d   Thumb Code    18  flash.o(.text)
    SPI_Flash_Write_Page                     0x08002a6f   Thumb Code    80  flash.o(.text)
    SPI_Flash_Write_NoCheck                  0x08002abf   Thumb Code    70  flash.o(.text)
    SPI_Flash_Erase_Sector                   0x08002b05   Thumb Code    62  flash.o(.text)
    SPI_Flash_Write                          0x08002b43   Thumb Code   182  flash.o(.text)
    SPI_Flash_Erase_Chip                     0x08002bf9   Thumb Code    36  flash.o(.text)
    SPI_Flash_PowerDown                      0x08002c1d   Thumb Code    30  flash.o(.text)
    SPI_Flash_WAKEUP                         0x08002c3b   Thumb Code    30  flash.o(.text)
    mymemcpy                                 0x08002c75   Thumb Code    26  malloc.o(.text)
    mymemset                                 0x08002c8f   Thumb Code    20  malloc.o(.text)
    mem_init                                 0x08002ca3   Thumb Code    54  malloc.o(.text)
    mem_perused                              0x08002cd9   Thumb Code    54  malloc.o(.text)
    mem_malloc                               0x08002d0f   Thumb Code   162  malloc.o(.text)
    mem_free                                 0x08002db1   Thumb Code    94  malloc.o(.text)
    myfree                                   0x08002e0f   Thumb Code    30  malloc.o(.text)
    mymalloc                                 0x08002e2d   Thumb Code    34  malloc.o(.text)
    myrealloc                                0x08002e4f   Thumb Code    66  malloc.o(.text)
    LED_Init                                 0x08002ea1   Thumb Code    46  led.o(.text)
    SD_InitializeCards                       0x08002fab   Thumb Code   310  sdcard.o(.text)
    SD_PowerON                               0x080032af   Thumb Code   410  sdcard.o(.text)
    SD_Init                                  0x0800347f   Thumb Code    84  sdcard.o(.text)
    SD_PowerOFF                              0x080034d3   Thumb Code    14  sdcard.o(.text)
    SD_GetCardInfo                           0x080034e1   Thumb Code   758  sdcard.o(.text)
    SD_EnableWideBusOperation                0x08003a79   Thumb Code   180  sdcard.o(.text)
    SD_SetDeviceMode                         0x08003b2d   Thumb Code    24  sdcard.o(.text)
    SD_SelectDeselect                        0x08003b45   Thumb Code    48  sdcard.o(.text)
    SD_ReadBlock                             0x08003bdd   Thumb Code   562  sdcard.o(.text)
    SD_ReadMultiBlocks                       0x08003e0f   Thumb Code   778  sdcard.o(.text)
    SD_WriteBlock                            0x080042c9   Thumb Code   924  sdcard.o(.text)
    SD_WriteMultiBlocks                      0x08004665   Thumb Code  1070  sdcard.o(.text)
    SD_GetTransferState                      0x08004a93   Thumb Code    18  sdcard.o(.text)
    SD_StopTransfer                          0x08004aa5   Thumb Code    46  sdcard.o(.text)
    SD_Erase                                 0x08004ad3   Thumb Code   350  sdcard.o(.text)
    SD_SendStatus                            0x08004c31   Thumb Code    76  sdcard.o(.text)
    SD_SendSDStatus                          0x08004c7d   Thumb Code   416  sdcard.o(.text)
    SD_ProcessIRQSrc                         0x08004e1d   Thumb Code   610  sdcard.o(.text)
    SDIO_NVIC_Configuration                  0x08005089   Thumb Code    42  sd_fs_app.o(.text)
    sd_fs_init                               0x080050b3   Thumb Code    14  sd_fs_app.o(.text)
    Sd_fs_test                               0x080050c1   Thumb Code   196  sd_fs_app.o(.text)
    Sdfs_new                                 0x08005185   Thumb Code    92  sd_fs_app.o(.text)
    Sdfs_write                               0x080051e1   Thumb Code    92  sd_fs_app.o(.text)
    Sdfs_read                                0x0800523d   Thumb Code   156  sd_fs_app.o(.text)
    GetGBKCode_from_sd                       0x080052d9   Thumb Code    96  sd_fs_app.o(.text)
    VS_SPI_ReadWriteByte                     0x08005385   Thumb Code    12  vs10xx.o(.text)
    VS_SPI_SpeedLow                          0x08005391   Thumb Code    10  vs10xx.o(.text)
    VS_SPI_SpeedHigh                         0x0800539b   Thumb Code    10  vs10xx.o(.text)
    VS_Init                                  0x080053a5   Thumb Code   200  vs10xx.o(.text)
    VS_WR_Cmd                                0x0800546d   Thumb Code    72  vs10xx.o(.text)
    VS_RD_Reg                                0x080054b5   Thumb Code    82  vs10xx.o(.text)
    VS_Soft_Reset                            0x08005507   Thumb Code   124  vs10xx.o(.text)
    VS_HD_Reset                              0x08005583   Thumb Code    74  vs10xx.o(.text)
    VS_Set_Vol                               0x080055cd   Thumb Code    34  vs10xx.o(.text)
    VS_Sine_Test                             0x080055ef   Thumb Code   320  vs10xx.o(.text)
    VS_Ram_Test                              0x0800572f   Thumb Code   108  vs10xx.o(.text)
    VS_WR_Data                               0x0800579b   Thumb Code    74  vs10xx.o(.text)
    VS_WRAM_Read                             0x080057e5   Thumb Code    24  vs10xx.o(.text)
    VS_Set_Speed                             0x080057fd   Thumb Code    34  vs10xx.o(.text)
    VS_Get_HeadInfo                          0x0800581f   Thumb Code   168  vs10xx.o(.text)
    VS_Get_ByteRate                          0x080058c7   Thumb Code    12  vs10xx.o(.text)
    VS_Get_EndFillByte                       0x080058d3   Thumb Code    12  vs10xx.o(.text)
    VS_Send_MusicData                        0x080058df   Thumb Code    54  vs10xx.o(.text)
    VS_Restart_Play                          0x08005915   Thumb Code   182  vs10xx.o(.text)
    VS_Reset_DecodeTime                      0x080059cb   Thumb Code    20  vs10xx.o(.text)
    VS_Get_DecodeTime                        0x080059df   Thumb Code    16  vs10xx.o(.text)
    VS_Load_Patch                            0x080059ef   Thumb Code   120  vs10xx.o(.text)
    VS_Set_Bass                              0x08005a67   Thumb Code    98  vs10xx.o(.text)
    VS_Set_Effect                            0x08005ac9   Thumb Code    54  vs10xx.o(.text)
    VS_Set_All                               0x08005aff   Thumb Code    34  vs10xx.o(.text)
    Get_HzMat                                0x08005b2d   Thumb Code   156  text.o(.text)
    Show_Font                                0x08005bc9   Thumb Code   248  text.o(.text)
    Show_Str                                 0x08005cc1   Thumb Code   220  text.o(.text)
    Show_Str_Mid                             0x08005d9d   Thumb Code   116  text.o(.text)
    clust2sect                               0x08005fbf   Thumb Code    26  ff.o(.text)
    get_fat                                  0x08005fd9   Thumb Code   242  ff.o(.text)
    put_fat                                  0x080060cb   Thumb Code   348  ff.o(.text)
    dir_sdi                                  0x08006389   Thumb Code   156  ff.o(.text)
    gen_numname                              0x080066dd   Thumb Code   214  ff.o(.text)
    f_mount                                  0x08007523   Thumb Code    42  ff.o(.text)
    f_open                                   0x0800754d   Thumb Code   376  ff.o(.text)
    f_read                                   0x080076c5   Thumb Code   496  ff.o(.text)
    f_write                                  0x080078b5   Thumb Code   562  ff.o(.text)
    f_sync                                   0x08007ae7   Thumb Code   174  ff.o(.text)
    f_close                                  0x08007b95   Thumb Code    22  ff.o(.text)
    f_lseek                                  0x08007bab   Thumb Code   742  ff.o(.text)
    f_opendir                                0x08007e91   Thumb Code   138  ff.o(.text)
    f_readdir                                0x08007f1b   Thumb Code   112  ff.o(.text)
    f_stat                                   0x08007f8b   Thumb Code    82  ff.o(.text)
    f_getfree                                0x08007fdd   Thumb Code   294  ff.o(.text)
    f_truncate                               0x08008103   Thumb Code   160  ff.o(.text)
    f_unlink                                 0x080081a3   Thumb Code   192  ff.o(.text)
    f_mkdir                                  0x08008263   Thumb Code   400  ff.o(.text)
    f_chmod                                  0x080083f3   Thumb Code   126  ff.o(.text)
    f_utime                                  0x08008471   Thumb Code   112  ff.o(.text)
    f_rename                                 0x080084e1   Thumb Code   308  ff.o(.text)
    f_mkfs                                   0x08008615   Thumb Code  1592  ff.o(.text)
    f_gets                                   0x08008c4d   Thumb Code    80  ff.o(.text)
    f_putc                                   0x08008c9d   Thumb Code    38  ff.o(.text)
    f_puts                                   0x08008cc3   Thumb Code    40  ff.o(.text)
    f_printf                                 0x08008ceb   Thumb Code   732  ff.o(.text)
    exfuns_init                              0x08008fc9   Thumb Code    96  exfuns.o(.text)
    char_upper                               0x08009029   Thumb Code    26  exfuns.o(.text)
    f_typetell                               0x08009043   Thumb Code   188  exfuns.o(.text)
    exf_getfree                              0x080090ff   Thumb Code    74  exfuns.o(.text)
    ff_convert                               0x0800915d   Thumb Code   156  mycc936.o(.text)
    ff_wtoupper                              0x080091f9   Thumb Code    48  mycc936.o(.text)
    disk_initialize                          0x08009235   Thumb Code    46  diskio.o(.text)
    disk_status                              0x08009263   Thumb Code    34  diskio.o(.text)
    disk_read                                0x08009285   Thumb Code    48  diskio.o(.text)
    disk_write                               0x080092b5   Thumb Code    48  diskio.o(.text)
    disk_ioctl                               0x080092e5   Thumb Code     6  diskio.o(.text)
    get_fattime                              0x080092eb   Thumb Code     4  diskio.o(.text)
    ff_memalloc                              0x080092ef   Thumb Code    14  diskio.o(.text)
    ff_memfree                               0x080092fd   Thumb Code    14  diskio.o(.text)
    mp3_index_show                           0x0800930d   Thumb Code    64  mp3player.o(.text)
    mp3_vol_show                             0x0800934d   Thumb Code    46  mp3player.o(.text)
    mp3_msg_show                             0x0800937b   Thumb Code   334  mp3player.o(.text)
    mp3_get_tnum                             0x080094c9   Thumb Code   116  mp3player.o(.text)
    mp3_play_song                            0x0800953d   Thumb Code   376  mp3player.o(.text)
    mp3_play                                 0x080096b5   Thumb Code   710  mp3player.o(.text)
    __use_no_semihosting                     0x080099dd   Thumb Code     2  use_no_semi_2.o(.text)
    __2printf                                0x080099e1   Thumb Code    24  noretval__2printf.o(.text)
    __2sprintf                               0x08009a01   Thumb Code    34  noretval__2sprintf.o(.text)
    _printf_pre_padding                      0x08009a29   Thumb Code    42  _printf_pad.o(.text)
    _printf_post_padding                     0x08009a53   Thumb Code    34  _printf_pad.o(.text)
    _printf_str                              0x08009a75   Thumb Code    82  _printf_str.o(.text)
    _printf_int_dec                          0x08009ac9   Thumb Code    96  _printf_dec.o(.text)
    _printf_int_hex                          0x08009b39   Thumb Code    86  _printf_hex_int.o(.text)
    _printf_longlong_hex                     0x08009b39   Thumb Code     0  _printf_hex_int.o(.text)
    __printf                                 0x08009b95   Thumb Code   324  __printf_flags_wp.o(.text)
    strcat                                   0x08009cdd   Thumb Code    24  strcat.o(.text)
    strcpy                                   0x08009cf5   Thumb Code    74  strcpy.o(.text)
    strlen                                   0x08009d3f   Thumb Code    62  strlen.o(.text)
    strcmp                                   0x08009d7d   Thumb Code   128  strcmpv7m.o(.text)
    __use_two_region_memory                  0x08009dfd   Thumb Code     2  heapauxi.o(.text)
    __rt_heap_escrow$2region                 0x08009dff   Thumb Code     2  heapauxi.o(.text)
    __rt_heap_expand$2region                 0x08009e01   Thumb Code     2  heapauxi.o(.text)
    __I$use$semihosting                      0x08009e03   Thumb Code     0  use_no_semi.o(.text)
    __use_no_semihosting_swi                 0x08009e03   Thumb Code     2  use_no_semi.o(.text)
    _printf_int_common                       0x08009e05   Thumb Code   174  _printf_intcommon.o(.text)
    _printf_char_common                      0x08009ebf   Thumb Code    34  _printf_char_common.o(.text)
    _sputc                                   0x08009ee5   Thumb Code    10  _sputc.o(.text)
    _printf_cs_common                        0x08009eef   Thumb Code    20  _printf_char.o(.text)
    _printf_char                             0x08009f03   Thumb Code    16  _printf_char.o(.text)
    _printf_string                           0x08009f13   Thumb Code     8  _printf_char.o(.text)
    __rt_udiv10                              0x08009f1b   Thumb Code    16  rtudiv10.o(.text)
    __user_libspace                          0x08009f2d   Thumb Code     8  libspace.o(.text)
    __user_perproc_libspace                  0x08009f2d   Thumb Code     0  libspace.o(.text)
    __user_perthread_libspace                0x08009f2d   Thumb Code     0  libspace.o(.text)
    __user_setup_stackheap                   0x08009f35   Thumb Code    74  sys_stackheap_outer.o(.text)
    exit                                     0x08009f7f   Thumb Code    12  exit.o(.text)
    __aeabi_fadd                             0x08009f8d   Thumb Code     0  faddsub_clz.o(x$fpl$fadd)
    _fadd                                    0x08009f8d   Thumb Code   248  faddsub_clz.o(x$fpl$fadd)
    __fpl_inf_fadd                           0x0800a067   Thumb Code     0  faddsub_clz.o(x$fpl$fadd)
    __fpl_fcheck_NaN2                        0x0800a08d   Thumb Code     6  fcheck.o(x$fpl$fcheck)
    __fpl_fcheck_NaN1                        0x0800a099   Thumb Code     6  fcheck1.o(x$fpl$fcheck1)
    __aeabi_fdiv                             0x0800a0a5   Thumb Code     0  fdiv.o(x$fpl$fdiv)
    _fdiv                                    0x0800a0a5   Thumb Code   476  fdiv.o(x$fpl$fdiv)
    __fpl_inf_fdiv                           0x0800a249   Thumb Code     0  fdiv.o(x$fpl$fdiv)
    __aeabi_f2uiz                            0x0800a289   Thumb Code     0  ffixu.o(x$fpl$ffixu)
    _ffixu                                   0x0800a289   Thumb Code    82  ffixu.o(x$fpl$ffixu)
    __fpl_inf_ffixu                          0x0800a2d5   Thumb Code     0  ffixu.o(x$fpl$ffixu)
    __aeabi_i2f                              0x0800a2e1   Thumb Code     0  fflt_clz.o(x$fpl$fflt)
    _fflt                                    0x0800a2e1   Thumb Code    50  fflt_clz.o(x$fpl$fflt)
    __fflt_normalise                         0x0800a2ed   Thumb Code     0  fflt_clz.o(x$fpl$fflt)
    __aeabi_ui2f                             0x0800a313   Thumb Code     0  fflt_clz.o(x$fpl$ffltu)
    _ffltu                                   0x0800a313   Thumb Code     8  fflt_clz.o(x$fpl$ffltu)
    __aeabi_fmul                             0x0800a31d   Thumb Code     0  fmul.o(x$fpl$fmul)
    _fmul                                    0x0800a31d   Thumb Code   258  fmul.o(x$fpl$fmul)
    __fpl_inf_fmul                           0x0800a409   Thumb Code     0  fmul.o(x$fpl$fmul)
    __fpl_normalise2                         0x0800a425   Thumb Code    74  fnorm2_clz.o(x$fpl$fnorm2)
    __aeabi_frsub                            0x0800a46f   Thumb Code     0  faddsub_clz.o(x$fpl$frsb)
    _frsb                                    0x0800a46f   Thumb Code    20  faddsub_clz.o(x$fpl$frsb)
    __aeabi_fsub                             0x0800a485   Thumb Code     0  faddsub_clz.o(x$fpl$fsub)
    _fsub                                    0x0800a485   Thumb Code   282  faddsub_clz.o(x$fpl$fsub)
    __fpl_inf_fsub                           0x0800a57f   Thumb Code     0  faddsub_clz.o(x$fpl$fsub)
    __funder                                 0x0800a5a9   Thumb Code   132  funder.o(x$fpl$funder)
    __funder_d                               0x0800a62d   Thumb Code     2  funder.o(x$fpl$funder)
    __fpl_return_NaN                         0x0800a62f   Thumb Code   100  retnan.o(x$fpl$retnan)
    __fpl_cmpreturn                          0x0800a693   Thumb Code    48  trapv.o(x$fpl$trapveneer)
    __I$use$fp                               0x0800a6c3   Thumb Code     0  usenofp.o(x$fpl$usenofp)
    asc2_1206                                0x0800a6c2   Data        1140  lcd.o(.constdata)
    asc2_1608                                0x0800ab36   Data        1520  lcd.o(.constdata)
    memtblsize                               0x0800b128   Data           8  malloc.o(.constdata)
    memblksize                               0x0800b130   Data           8  malloc.o(.constdata)
    memsize                                  0x0800b138   Data           8  malloc.o(.constdata)
    bitrate                                  0x0800b140   Data          64  vs10xx.o(.constdata)
    vs1053b_patch                            0x0800b57a   Data       10866  mp3player.o(.constdata)
    Region$$Table$$Base                      0x0800e080   Number         0  anon$$obj.o(Region$$Table)
    Region$$Table$$Limit                     0x0800e0a0   Number         0  anon$$obj.o(Region$$Table)
    __stdout                                 0x20000004   Data           4  usart.o(.data)
    SystemCoreClock                          0x20000008   Data           4  system_stm32f10x.o(.data)
    AHBPrescTable                            0x2000000c   Data          16  system_stm32f10x.o(.data)
    ID1                                      0x2000001c   Data           2  main.o(.data)
    OSTime                                   0x20000028   Data           2  main.o(.data)
    POINT_COLOR                              0x2000003e   Data           2  lcd.o(.data)
    BACK_COLOR                               0x20000040   Data           2  lcd.o(.data)
    SPI_FLASH_TYPE                           0x20000042   Data           2  flash.o(.data)
    mallco_dev                               0x20000044   Data          28  malloc.o(.data)
    TransferError                            0x20000074   Data           1  sdcard.o(.data)
    TransferEnd                              0x20000078   Data           4  sdcard.o(.data)
    NumberOfBytes                            0x2000007c   Data           4  sdcard.o(.data)
    SrcBuffer                                0x20000080   Data           4  sdcard.o(.data)
    DestBuffer                               0x20000084   Data           4  sdcard.o(.data)
    mystring                                 0x20000088   Data         512  sd_fs_app.o(.data)
    mya                                      0x20000288   Data           4  sd_fs_app.o(.data)
    mypath                                   0x2000028c   Data         512  sd_fs_app.o(.data)
    myres                                    0x2000048c   Data           1  sd_fs_app.o(.data)
    mybr                                     0x20000490   Data           4  sd_fs_app.o(.data)
    mybw                                     0x20000494   Data           4  sd_fs_app.o(.data)
    vsset                                    0x20000498   Data           7  vs10xx.o(.data)
    FILE_TYPE_TBL                            0x200004ac   Data         312  exfuns.o(.data)
    fs                                       0x200005e4   Data           8  exfuns.o(.data)
    file                                     0x200005ec   Data           4  exfuns.o(.data)
    ftemp                                    0x200005f0   Data           4  exfuns.o(.data)
    br                                       0x200005f4   Data           4  exfuns.o(.data)
    bw                                       0x200005f8   Data           4  exfuns.o(.data)
    fatbuf                                   0x200005fc   Data           4  exfuns.o(.data)
    f_kbps                                   0x20000600   Data           2  mp3player.o(.data)
    SDCardInfo                               0x20000618   Data          80  main.o(.bss)
    ff                                       0x20000668   Data         560  main.o(.bss)
    lcddev                                   0x20000898   Data          10  lcd.o(.bss)
    SPI_FLASH_BUF                            0x200008a2   Data        4096  flash.o(.bss)
    mem1base                                 0x200018a4   Data       40960  malloc.o(.bss)
    mem1mapbase                              0x2000b8a4   Data        2560  malloc.o(.bss)
    SDIO_InitStructure                       0x2000c2c4   Data          24  sdcard.o(.bss)
    SDIO_CmdInitStructure                    0x2000c2dc   Data          20  sdcard.o(.bss)
    SDIO_DataInitStructure                   0x2000c2f0   Data          24  sdcard.o(.bss)
    myfs                                     0x2000c308   Data        1120  sd_fs_app.o(.bss)
    myfsrc                                   0x2000c768   Data         552  sd_fs_app.o(.bss)
    myfdst                                   0x2000c990   Data         552  sd_fs_app.o(.bss)
    mybuffer                                 0x2000cbb8   Data         512  sd_fs_app.o(.bss)
    my_latest_buffer                         0x2000cdb8   Data         512  sd_fs_app.o(.bss)
    ftinfo                                   0x2000cfb8   Data          25  fontupd.o(.bss)
    __libspace_start                         0x2000cfd4   Data          96  libspace.o(.bss)
    __temporary_stack_top$libspace           0x2000d034   Data           0  libspace.o(.bss)
    mem2base                                 0x68000000   Data       204800  malloc.o(.ARM.__AT_0x68000000)
    mem2mapbase                              0x68032000   Data       12800  malloc.o(.ARM.__AT_0x68032000)



==============================================================================

Memory Map of the image

  Image Entry point : 0x08000131

  Load Region LR_IROM1 (Base: 0x08000000, Size: 0x0000e6a4, Max: 0x00080000, ABSOLUTE, COMPRESSED[0x0000e160])

    Execution Region ER_IROM1 (Base: 0x08000000, Size: 0x0000e0a0, Max: 0x00080000, ABSOLUTE)

    Base Addr    Size         Type   Attr      Idx    E Section Name        Object

    0x08000000   0x00000130   Data   RO            3    RESET               startup_stm32f10x_hd.o
    0x08000130   0x00000008   Code   RO         1305  * !!!main             __main.o(c_w.l)
    0x08000138   0x00000034   Code   RO         1569    !!!scatter          __scatter.o(c_w.l)
    0x0800016c   0x0000005a   Code   RO         1567    !!dczerorl2         __dczerorl2.o(c_w.l)
    0x080001c6   0x00000002   PAD
    0x080001c8   0x0000001c   Code   RO         1571    !!handler_zi        __scatter_zi.o(c_w.l)
    0x080001e4   0x00000000   Code   RO         1292    .ARM.Collect$$_printf_percent$$00000000  _printf_percent.o(c_w.l)
    0x080001e4   0x00000006   Code   RO         1291    .ARM.Collect$$_printf_percent$$00000009  _printf_d.o(c_w.l)
    0x080001ea   0x00000006   Code   RO         1290    .ARM.Collect$$_printf_percent$$0000000C  _printf_x.o(c_w.l)
    0x080001f0   0x00000006   Code   RO         1289    .ARM.Collect$$_printf_percent$$00000014  _printf_s.o(c_w.l)
    0x080001f6   0x00000004   Code   RO         1371    .ARM.Collect$$_printf_percent$$00000017  _printf_percent_end.o(c_w.l)
    0x080001fa   0x00000006   Code   RO         1445    .ARM.Collect$$libinit$$00000000  libinit.o(c_w.l)
    0x08000200   0x00000000   Code   RO         1454    .ARM.Collect$$libinit$$00000006  libinit2.o(c_w.l)
    0x08000200   0x00000000   Code   RO         1456    .ARM.Collect$$libinit$$00000008  libinit2.o(c_w.l)
    0x08000200   0x00000000   Code   RO         1458    .ARM.Collect$$libinit$$0000000A  libinit2.o(c_w.l)
    0x08000200   0x00000000   Code   RO         1461    .ARM.Collect$$libinit$$0000000D  libinit2.o(c_w.l)
    0x08000200   0x00000000   Code   RO         1463    .ARM.Collect$$libinit$$0000000F  libinit2.o(c_w.l)
    0x08000200   0x00000000   Code   RO         1465    .ARM.Collect$$libinit$$00000011  libinit2.o(c_w.l)
    0x08000200   0x00000000   Code   RO         1467    .ARM.Collect$$libinit$$00000013  libinit2.o(c_w.l)
    0x08000200   0x00000000   Code   RO         1469    .ARM.Collect$$libinit$$00000015  libinit2.o(c_w.l)
    0x08000200   0x00000000   Code   RO         1471    .ARM.Collect$$libinit$$00000017  libinit2.o(c_w.l)
    0x08000200   0x00000000   Code   RO         1473    .ARM.Collect$$libinit$$00000019  libinit2.o(c_w.l)
    0x08000200   0x00000000   Code   RO         1475    .ARM.Collect$$libinit$$0000001B  libinit2.o(c_w.l)
    0x08000200   0x00000000   Code   RO         1477    .ARM.Collect$$libinit$$0000001D  libinit2.o(c_w.l)
    0x08000200   0x00000000   Code   RO         1479    .ARM.Collect$$libinit$$0000001F  libinit2.o(c_w.l)
    0x08000200   0x00000000   Code   RO         1481    .ARM.Collect$$libinit$$00000021  libinit2.o(c_w.l)
    0x08000200   0x00000000   Code   RO         1485    .ARM.Collect$$libinit$$00000028  libinit2.o(c_w.l)
    0x08000200   0x00000000   Code   RO         1487    .ARM.Collect$$libinit$$0000002A  libinit2.o(c_w.l)
    0x08000200   0x00000000   Code   RO         1489    .ARM.Collect$$libinit$$0000002C  libinit2.o(c_w.l)
    0x08000200   0x00000000   Code   RO         1491    .ARM.Collect$$libinit$$0000002E  libinit2.o(c_w.l)
    0x08000200   0x00000002   Code   RO         1492    .ARM.Collect$$libinit$$0000002F  libinit2.o(c_w.l)
    0x08000202   0x00000002   Code   RO         1521    .ARM.Collect$$libshutdown$$00000000  libshutdown.o(c_w.l)
    0x08000204   0x00000000   Code   RO         1536    .ARM.Collect$$libshutdown$$00000003  libshutdown2.o(c_w.l)
    0x08000204   0x00000000   Code   RO         1539    .ARM.Collect$$libshutdown$$00000006  libshutdown2.o(c_w.l)
    0x08000204   0x00000000   Code   RO         1542    .ARM.Collect$$libshutdown$$00000009  libshutdown2.o(c_w.l)
    0x08000204   0x00000000   Code   RO         1544    .ARM.Collect$$libshutdown$$0000000B  libshutdown2.o(c_w.l)
    0x08000204   0x00000000   Code   RO         1547    .ARM.Collect$$libshutdown$$0000000E  libshutdown2.o(c_w.l)
    0x08000204   0x00000002   Code   RO         1548    .ARM.Collect$$libshutdown$$0000000F  libshutdown2.o(c_w.l)
    0x08000206   0x00000000   Code   RO         1357    .ARM.Collect$$rtentry$$00000000  rtentry.o(c_w.l)
    0x08000206   0x00000000   Code   RO         1396    .ARM.Collect$$rtentry$$00000002  rtentry2.o(c_w.l)
    0x08000206   0x00000006   Code   RO         1411    .ARM.Collect$$rtentry$$00000004  rtentry4.o(c_w.l)
    0x0800020c   0x00000000   Code   RO         1398    .ARM.Collect$$rtentry$$00000009  rtentry2.o(c_w.l)
    0x0800020c   0x00000004   Code   RO         1399    .ARM.Collect$$rtentry$$0000000A  rtentry2.o(c_w.l)
    0x08000210   0x00000000   Code   RO         1401    .ARM.Collect$$rtentry$$0000000C  rtentry2.o(c_w.l)
    0x08000210   0x00000008   Code   RO         1402    .ARM.Collect$$rtentry$$0000000D  rtentry2.o(c_w.l)
    0x08000218   0x00000000   Code   RO         1446    .ARM.Collect$$rtexit$$00000000  rtexit.o(c_w.l)
    0x08000218   0x00000000   Code   RO         1496    .ARM.Collect$$rtexit$$00000002  rtexit2.o(c_w.l)
    0x08000218   0x00000004   Code   RO         1497    .ARM.Collect$$rtexit$$00000003  rtexit2.o(c_w.l)
    0x0800021c   0x00000004   Code   RO         1498    .ARM.Collect$$rtexit$$00000004  rtexit2.o(c_w.l)
    0x08000220   0x00000040   Code   RO            4    .text               startup_stm32f10x_hd.o
    0x08000260   0x0000009c   Code   RO           10    .text               delay.o
    0x080002fc   0x000000ec   Code   RO          114    .text               usart.o
    0x080003e8   0x000001c8   Code   RO          147    .text               system_stm32f10x.o
    0x080005b0   0x00000098   Code   RO          184    .text               stm32f10x_it.o
    0x08000648   0x000002e4   Code   RO          210    .text               main.o
    0x0800092c   0x000000e0   Code   RO          282    .text               misc.o
    0x08000a0c   0x0000025c   Code   RO          378    .text               stm32f10x_dma.o
    0x08000c68   0x00000608   Code   RO          414    .text               stm32f10x_fsmc.o
    0x08001270   0x00000348   Code   RO          426    .text               stm32f10x_gpio.o
    0x080015b8   0x00000390   Code   RO          474    .text               stm32f10x_rcc.o
    0x08001948   0x000001cc   Code   RO          500    .text               stm32f10x_sdio.o
    0x08001b14   0x0000030c   Code   RO          512    .text               stm32f10x_spi.o
    0x08001e20   0x000009b8   Code   RO          560    .text               lcd.o
    0x080027d8   0x00000114   Code   RO          590    .text               spi.o
    0x080028ec   0x00000388   Code   RO          605    .text               flash.o
    0x08002c74   0x0000022c   Code   RO          624    .text               malloc.o
    0x08002ea0   0x00000034   Code   RO          646    .text               led.o
    0x08002ed4   0x000021b4   Code   RO          661    .text               sdcard.o
    0x08005088   0x000002fc   Code   RO          680    .text               sd_fs_app.o
    0x08005384   0x000007a8   Code   RO          702    .text               vs10xx.o
    0x08005b2c   0x000002f0   Code   RO          721    .text               text.o
    0x08005e1c   0x000031aa   Code   RO          829    .text               ff.o
    0x08008fc6   0x00000002   PAD
    0x08008fc8   0x00000194   Code   RO          859    .text               exfuns.o
    0x0800915c   0x000000d8   Code   RO          882    .text               mycc936.o
    0x08009234   0x000000d6   Code   RO          895    .text               diskio.o
    0x0800930a   0x00000002   PAD
    0x0800930c   0x000006d0   Code   RO          931    .text               mp3player.o
    0x080099dc   0x00000002   Code   RO         1229    .text               use_no_semi_2.o(c_w.l)
    0x080099de   0x00000002   PAD
    0x080099e0   0x00000020   Code   RO         1237    .text               noretval__2printf.o(c_w.l)
    0x08009a00   0x00000028   Code   RO         1239    .text               noretval__2sprintf.o(c_w.l)
    0x08009a28   0x0000004c   Code   RO         1243    .text               _printf_pad.o(c_w.l)
    0x08009a74   0x00000052   Code   RO         1245    .text               _printf_str.o(c_w.l)
    0x08009ac6   0x00000002   PAD
    0x08009ac8   0x00000070   Code   RO         1247    .text               _printf_dec.o(c_w.l)
    0x08009b38   0x0000005c   Code   RO         1252    .text               _printf_hex_int.o(c_w.l)
    0x08009b94   0x00000148   Code   RO         1280    .text               __printf_flags_wp.o(c_w.l)
    0x08009cdc   0x00000018   Code   RO         1293    .text               strcat.o(c_w.l)
    0x08009cf4   0x0000004a   Code   RO         1297    .text               strcpy.o(c_w.l)
    0x08009d3e   0x0000003e   Code   RO         1299    .text               strlen.o(c_w.l)
    0x08009d7c   0x00000080   Code   RO         1301    .text               strcmpv7m.o(c_w.l)
    0x08009dfc   0x00000006   Code   RO         1303    .text               heapauxi.o(c_w.l)
    0x08009e02   0x00000002   Code   RO         1355    .text               use_no_semi.o(c_w.l)
    0x08009e04   0x000000ae   Code   RO         1363    .text               _printf_intcommon.o(c_w.l)
    0x08009eb2   0x00000002   PAD
    0x08009eb4   0x00000030   Code   RO         1365    .text               _printf_char_common.o(c_w.l)
    0x08009ee4   0x0000000a   Code   RO         1367    .text               _sputc.o(c_w.l)
    0x08009eee   0x0000002c   Code   RO         1369    .text               _printf_char.o(c_w.l)
    0x08009f1a   0x00000010   Code   RO         1376    .text               rtudiv10.o(c_w.l)
    0x08009f2a   0x00000002   PAD
    0x08009f2c   0x00000008   Code   RO         1430    .text               libspace.o(c_w.l)
    0x08009f34   0x0000004a   Code   RO         1433    .text               sys_stackheap_outer.o(c_w.l)
    0x08009f7e   0x0000000c   Code   RO         1437    .text               exit.o(c_w.l)
    0x08009f8a   0x00000002   PAD
    0x08009f8c   0x00000100   Code   RO         1321    x$fpl$fadd          faddsub_clz.o(fz_ws.l)
    0x0800a08c   0x0000000c   Code   RO         1384    x$fpl$fcheck        fcheck.o(fz_ws.l)
    0x0800a098   0x0000000c   Code   RO         1386    x$fpl$fcheck1       fcheck1.o(fz_ws.l)
    0x0800a0a4   0x000001e4   Code   RO         1328    x$fpl$fdiv          fdiv.o(fz_ws.l)
    0x0800a288   0x00000058   Code   RO         1337    x$fpl$ffixu         ffixu.o(fz_ws.l)
    0x0800a2e0   0x00000032   Code   RO         1342    x$fpl$fflt          fflt_clz.o(fz_ws.l)
    0x0800a312   0x00000008   Code   RO         1341    x$fpl$ffltu         fflt_clz.o(fz_ws.l)
    0x0800a31a   0x00000002   PAD
    0x0800a31c   0x00000108   Code   RO         1347    x$fpl$fmul          fmul.o(fz_ws.l)
    0x0800a424   0x0000004a   Code   RO         1390    x$fpl$fnorm2        fnorm2_clz.o(fz_ws.l)
    0x0800a46e   0x00000014   Code   RO         1322    x$fpl$frsb          faddsub_clz.o(fz_ws.l)
    0x0800a482   0x00000002   PAD
    0x0800a484   0x00000124   Code   RO         1323    x$fpl$fsub          faddsub_clz.o(fz_ws.l)
    0x0800a5a8   0x00000086   Code   RO         1392    x$fpl$funder        funder.o(fz_ws.l)
    0x0800a62e   0x00000064   Code   RO         1426    x$fpl$retnan        retnan.o(fz_ws.l)
    0x0800a692   0x00000030   Code   RO         1428    x$fpl$trapveneer    trapv.o(fz_ws.l)
    0x0800a6c2   0x00000000   Code   RO         1394    x$fpl$usenofp       usenofp.o(fz_ws.l)
    0x0800a6c2   0x00000a64   Data   RO          562    .constdata          lcd.o
    0x0800b126   0x00000002   PAD
    0x0800b128   0x00000018   Data   RO          628    .constdata          malloc.o
    0x0800b140   0x00000040   Data   RO          703    .constdata          vs10xx.o
    0x0800b180   0x0000003a   Data   RO          830    .constdata          ff.o
    0x0800b1ba   0x000003c0   Data   RO          883    .constdata          mycc936.o
    0x0800b57a   0x00002a72   Data   RO          932    .constdata          mp3player.o
    0x0800dfec   0x00000028   Data   RO         1253    .constdata          _printf_hex_int.o(c_w.l)
    0x0800e014   0x00000011   Data   RO         1281    .constdata          __printf_flags_wp.o(c_w.l)
    0x0800e025   0x00000058   Data   RO          861    .conststring        exfuns.o
    0x0800e07d   0x00000003   PAD
    0x0800e080   0x00000020   Data   RO         1565    Region$$Table       anon$$obj.o


    Execution Region RW_IRAM1 (Base: 0x20000000, Size: 0x0000da38, Max: 0x00010000, ABSOLUTE, COMPRESSED[0x000000c0])

    Base Addr    Size         Type   Attr      Idx    E Section Name        Object

    0x20000000   0x00000004   Data   RW           11    .data               delay.o
    0x20000004   0x00000004   Data   RW          115    .data               usart.o
    0x20000008   0x00000014   Data   RW          148    .data               system_stm32f10x.o
    0x2000001c   0x0000000e   Data   RW          212    .data               main.o
    0x2000002a   0x00000014   Data   RW          475    .data               stm32f10x_rcc.o
    0x2000003e   0x00000004   Data   RW          563    .data               lcd.o
    0x20000042   0x00000002   Data   RW          607    .data               flash.o
    0x20000044   0x0000001c   Data   RW          629    .data               malloc.o
    0x20000060   0x00000028   Data   RW          663    .data               sdcard.o
    0x20000088   0x00000410   Data   RW          682    .data               sd_fs_app.o
    0x20000498   0x00000007   Data   RW          704    .data               vs10xx.o
    0x2000049f   0x00000001   PAD
    0x200004a0   0x0000000a   Data   RW          831    .data               ff.o
    0x200004aa   0x00000002   PAD
    0x200004ac   0x00000154   Data   RW          862    .data               exfuns.o
    0x20000600   0x00000004   Data   RW          933    .data               mp3player.o
    0x20000604   0x00000294   Zero   RW          211    .bss                main.o
    0x20000898   0x0000000a   Zero   RW          561    .bss                lcd.o
    0x200008a2   0x00001000   Zero   RW          606    .bss                flash.o
    0x200018a2   0x00000002   PAD
    0x200018a4   0x0000aa00   Zero   RW          627    .bss                malloc.o
    0x2000c2a4   0x00000064   Zero   RW          662    .bss                sdcard.o
    0x2000c308   0x00000cb0   Zero   RW          681    .bss                sd_fs_app.o
    0x2000cfb8   0x00000019   Zero   RW          748    .bss                fontupd.o
    0x2000cfd1   0x00000003   PAD
    0x2000cfd4   0x00000060   Zero   RW         1431    .bss                libspace.o(c_w.l)
    0x2000d034   0x00000004   PAD
    0x2000d038   0x00000200   Zero   RW            2    HEAP                startup_stm32f10x_hd.o
    0x2000d238   0x00000800   Zero   RW            1    STACK               startup_stm32f10x_hd.o



  Load Region LR$$.ARM.__AT_0x68000000 (Base: 0x68000000, Size: 0x00000000, Max: 0x00032000, ABSOLUTE)

    Execution Region ER$$.ARM.__AT_0x68000000 (Base: 0x68000000, Size: 0x00032000, Max: 0x00032000, ABSOLUTE, UNINIT)

    Base Addr    Size         Type   Attr      Idx    E Section Name        Object

    0x68000000   0x00032000   Zero   RW          625    .ARM.__AT_0x68000000  malloc.o



  Load Region LR$$.ARM.__AT_0x68032000 (Base: 0x68032000, Size: 0x00000000, Max: 0x00003200, ABSOLUTE)

    Execution Region ER$$.ARM.__AT_0x68032000 (Base: 0x68032000, Size: 0x00003200, Max: 0x00003200, ABSOLUTE, UNINIT)

    Base Addr    Size         Type   Attr      Idx    E Section Name        Object

    0x68032000   0x00003200   Zero   RW          626    .ARM.__AT_0x68032000  malloc.o


==============================================================================

Image component sizes


      Code (inc. data)   RO Data    RW Data    ZI Data      Debug   Object Name

       156          4          0          4          0     260551   delay.o
       214          0          0          0          0       2714   diskio.o
       404         20         88        340          0       2480   exfuns.o
     12714        114         58         10          0      33685   ff.o
       904         28          0          2       4096       4397   flash.o
         0          0          0          0         25       1313   fontupd.o
      2488         62       2660          4         10      11334   lcd.o
        52          6          0          0          0        443   led.o
       740        232          0         14        660       4835   main.o
       556         16         24         28     261120       4440   malloc.o
       224         20          0          0          0       1669   misc.o
      1744        214      10866          4          0       4062   mp3player.o
       216         12        960          0          0       1501   mycc936.o
       764         76          0       1040       3248       6088   sd_fs_app.o
      8628        304          0         40        100      23565   sdcard.o
       276         14          0          0          0       1211   spi.o
        64         26        304          0       2560        504   startup_stm32f10x_hd.o
       604          8          0          0          0       4234   stm32f10x_dma.o
      1544         20          0          0          0       5235   stm32f10x_fsmc.o
       840         38          0          0          0       5549   stm32f10x_gpio.o
       152        102          0          0          0       6582   stm32f10x_it.o
       912         32          0         20          0       8640   stm32f10x_rcc.o
       460         22          0          0          0       6904   stm32f10x_sdio.o
       780         14          0          0          0       6490   stm32f10x_spi.o
       456         36          0         20          0       1683   system_stm32f10x.o
       752         12          0          0          0       3064   text.o
       236         24          0          4          0       2642   usart.o
      1960         54         64          7          0       7789   vs10xx.o

    ----------------------------------------------------------------------
     38844       1510      15061       1540     271824     423604   Object Totals
         0          0         32          0          0          0   (incl. Generated)
         4          0          5          3          5          0   (incl. Padding)

    ----------------------------------------------------------------------

      Code (inc. data)   RO Data    RW Data    ZI Data      Debug   Library Member Name

        90          0          0          0          0          0   __dczerorl2.o
         8          0          0          0          0         68   __main.o
       328          4         17          0          0         88   __printf_flags_wp.o
        52          8          0          0          0          0   __scatter.o
        28          0          0          0          0          0   __scatter_zi.o
        44          0          0          0          0        108   _printf_char.o
        48          4          0          0          0         96   _printf_char_common.o
         6          0          0          0          0          0   _printf_d.o
       112         16          0          0          0         92   _printf_dec.o
        92          6         40          0          0         84   _printf_hex_int.o
       174          0          0          0          0         88   _printf_intcommon.o
        76          0          0          0          0        104   _printf_pad.o
         0          0          0          0          0          0   _printf_percent.o
         4          0          0          0          0          0   _printf_percent_end.o
         6          0          0          0          0          0   _printf_s.o
        82          0          0          0          0         80   _printf_str.o
         6          0          0          0          0          0   _printf_x.o
        10          0          0          0          0         68   _sputc.o
        12          0          0          0          0         68   exit.o
       568         18          0          0          0        204   faddsub_clz.o
        12          6          0          0          0         68   fcheck.o
        12          6          0          0          0         68   fcheck1.o
       484         76          0          0          0         76   fdiv.o
        88          6          0          0          0         68   ffixu.o
        58          0          0          0          0        136   fflt_clz.o
       264          6          0          0          0         68   fmul.o
        74          0          0          0          0         84   fnorm2_clz.o
       134          0          0          0          0         84   funder.o
         6          0          0          0          0        148   heapauxi.o
         6          0          0          0          0          0   libinit.o
         2          0          0          0          0          0   libinit2.o
         2          0          0          0          0          0   libshutdown.o
         2          0          0          0          0          0   libshutdown2.o
         8          4          0          0         96         68   libspace.o
        32          8          0          0          0         80   noretval__2printf.o
        40          6          0          0          0         80   noretval__2sprintf.o
       100          0          0          0          0         68   retnan.o
         0          0          0          0          0          0   rtentry.o
        12          0          0          0          0          0   rtentry2.o
         6          0          0          0          0          0   rtentry4.o
         0          0          0          0          0          0   rtexit.o
         8          0          0          0          0          0   rtexit2.o
        16          0          0          0          0         68   rtudiv10.o
        24          0          0          0          0         68   strcat.o
       128          2          0          0          0         68   strcmpv7m.o
        74          0          0          0          0         76   strcpy.o
        62          0          0          0          0         76   strlen.o
        74          0          0          0          0         80   sys_stackheap_outer.o
        48          0          0          0          0         68   trapv.o
         2          0          0          0          0         68   use_no_semi.o
         2          0          0          0          0         68   use_no_semi_2.o
         0          0          0          0          0          0   usenofp.o

    ----------------------------------------------------------------------
      3542        176         57          0        100       2884   Library Totals
        16          0          0          0          4          0   (incl. Padding)

    ----------------------------------------------------------------------

      Code (inc. data)   RO Data    RW Data    ZI Data      Debug   Library Name

      1684         58         57          0         96       1892   c_w.l
      1842        118          0          0          0        992   fz_ws.l

    ----------------------------------------------------------------------
      3542        176         57          0        100       2884   Library Totals

    ----------------------------------------------------------------------

==============================================================================


      Code (inc. data)   RO Data    RW Data    ZI Data      Debug   

     42386       1686      15118       1540     271924     422088   Grand Totals
     42386       1686      15118        192     271924     422088   ELF Image Totals (compressed)
     42386       1686      15118        192          0          0   ROM Totals

==============================================================================

    Total RO  Size (Code + RO Data)                57504 (  56.16kB)
    Total RW  Size (RW Data + ZI Data)            273464 ( 267.05kB)
    Total ROM Size (Code + RO Data + RW Data)      57696 (  56.34kB)

==============================================================================

