ARM Linker, RVCT4.0 [Build 524] for uVision [Standard]

==============================================================================

Section Cross References

    startup_stm32f10x_hd.o(STACK) refers (Special) to heapauxi.o(.text) for __use_two_region_memory
    startup_stm32f10x_hd.o(HEAP) refers (Special) to heapauxi.o(.text) for __use_two_region_memory
    startup_stm32f10x_hd.o(RESET) refers (Special) to heapauxi.o(.text) for __use_two_region_memory
    startup_stm32f10x_hd.o(RESET) refers to startup_stm32f10x_hd.o(STACK) for __initial_sp
    startup_stm32f10x_hd.o(RESET) refers to startup_stm32f10x_hd.o(.text) for Reset_Handler
    startup_stm32f10x_hd.o(RESET) refers to stm32f10x_it.o(.text) for NMI_Handler
    startup_stm32f10x_hd.o(.text) refers (Special) to heapauxi.o(.text) for __use_two_region_memory
    startup_stm32f10x_hd.o(.text) refers to system_stm32f10x.o(.text) for SystemInit
    startup_stm32f10x_hd.o(.text) refers to __main.o(!!!main) for __main
    startup_stm32f10x_hd.o(.text) refers to startup_stm32f10x_hd.o(HEAP) for Heap_Mem
    startup_stm32f10x_hd.o(.text) refers to startup_stm32f10x_hd.o(STACK) for Stack_Mem
    delay.o(.text) refers to delay.o(.data) for .data
    usart.o(.text) refers (Special) to use_no_semi_2.o(.text) for __use_no_semihosting
    usart.o(.text) refers to fflt_clz.o(x$fpl$ffltu) for __aeabi_ui2f
    usart.o(.text) refers to fdiv.o(x$fpl$fdiv) for __aeabi_fdiv
    usart.o(.text) refers to ffixu.o(x$fpl$ffixu) for __aeabi_f2uiz
    usart.o(.text) refers to faddsub_clz.o(x$fpl$frsb) for __aeabi_frsub
    usart.o(.text) refers to fmul.o(x$fpl$fmul) for __aeabi_fmul
    usart.o(.data) refers (Special) to use_no_semi_2.o(.text) for __use_no_semihosting
    system_stm32f10x.o(.text) refers to system_stm32f10x.o(.data) for SystemCoreClock
    stm32f10x_it.o(.text) refers to noretval__2printf.o(.text) for __2printf
    stm32f10x_it.o(.text) refers to sdcard.o(.text) for SD_ProcessIRQSrc
    main.o(.text) refers (Special) to _printf_d.o(.ARM.Collect$$_printf_percent$$00000009) for _printf_d
    main.o(.text) refers (Special) to _printf_dec.o(.text) for _printf_int_dec
    main.o(.text) refers (Special) to _printf_hex_int.o(.text) for _printf_longlong_hex
    main.o(.text) refers (Special) to _printf_percent.o(.ARM.Collect$$_printf_percent$$00000000) for _printf_percent
    main.o(.text) refers (Special) to _printf_pad.o(.text) for _printf_pre_padding
    main.o(.text) refers (Special) to _printf_x.o(.ARM.Collect$$_printf_percent$$0000000C) for _printf_x
    main.o(.text) refers to sdcard.o(.text) for SD_Init
    main.o(.text) refers to noretval__2printf.o(.text) for __2printf
    main.o(.text) refers to lcd.o(.text) for LCD_Clear
    main.o(.text) refers to i2cee.o(.text) for I2C_EE_BufferWrite
    main.o(.text) refers to usart.o(.text) for uart_init
    main.o(.text) refers to delay.o(.text) for delay_init
    main.o(.text) refers to led.o(.text) for LED_Init
    main.o(.text) refers to malloc.o(.text) for mem_init
    main.o(.text) refers to sd_fs_app.o(.text) for sd_fs_init
    main.o(.text) refers to exfuns.o(.text) for exfuns_init
    main.o(.text) refers to ff.o(.text) for f_mount
    main.o(.text) refers to fontupd.o(.text) for update_font
    main.o(.text) refers to vs10xx.o(.text) for VS_Init
    main.o(.text) refers to gui.o(.text) for gui_init
    main.o(.text) refers to piclib.o(.text) for piclib_init
    main.o(.text) refers to myui.o(.text) for Draw_mainPage
    main.o(.text) refers to touch.o(.text) for TP_Draw_Big_Point
    main.o(.text) refers to main.o(.bss) for SDCardInfo
    main.o(.text) refers to lcd.o(.data) for POINT_COLOR
    main.o(.text) refers to exfuns.o(.data) for fs
    main.o(.text) refers to main.o(.data) for ID1
    main.o(.text) refers to touch.o(.data) for tp_dev
    main.o(.text) refers to lcd.o(.bss) for lcddev
    main.o(.bss) refers (Special) to _printf_d.o(.ARM.Collect$$_printf_percent$$00000009) for _printf_d
    main.o(.bss) refers (Special) to _printf_dec.o(.text) for _printf_int_dec
    main.o(.bss) refers (Special) to _printf_hex_int.o(.text) for _printf_longlong_hex
    main.o(.bss) refers (Special) to _printf_percent.o(.ARM.Collect$$_printf_percent$$00000000) for _printf_percent
    main.o(.bss) refers (Special) to _printf_pad.o(.text) for _printf_pre_padding
    main.o(.bss) refers (Special) to _printf_x.o(.ARM.Collect$$_printf_percent$$0000000C) for _printf_x
    main.o(.constdata) refers (Special) to _printf_d.o(.ARM.Collect$$_printf_percent$$00000009) for _printf_d
    main.o(.constdata) refers (Special) to _printf_dec.o(.text) for _printf_int_dec
    main.o(.constdata) refers (Special) to _printf_hex_int.o(.text) for _printf_longlong_hex
    main.o(.constdata) refers (Special) to _printf_percent.o(.ARM.Collect$$_printf_percent$$00000000) for _printf_percent
    main.o(.constdata) refers (Special) to _printf_pad.o(.text) for _printf_pre_padding
[...]
    FSMC_PCCARDDeInit                        0x08000e47   Thumb Code    36  stm32f10x_fsmc.o(.text)
    FSMC_NORSRAMInit                         0x08000e6b   Thumb Code   224  stm32f10x_fsmc.o(.text)
    FSMC_NANDInit                            0x08000f4b   Thumb Code   132  stm32f10x_fsmc.o(.text)
    FSMC_PCCARDInit                          0x08000fcf   Thumb Code   130  stm32f10x_fsmc.o(.text)
    FSMC_NORSRAMStructInit                   0x08001051   Thumb Code   114  stm32f10x_fsmc.o(.text)
    FSMC_NANDStructInit                      0x080010c3   Thumb Code    54  stm32f10x_fsmc.o(.text)
    FSMC_PCCARDStructInit                    0x080010f9   Thumb Code    60  stm32f10x_fsmc.o(.text)
    FSMC_NORSRAMCmd                          0x08001135   Thumb Code    46  stm32f10x_fsmc.o(.text)
    FSMC_NANDCmd                             0x08001163   Thumb Code    86  stm32f10x_fsmc.o(.text)
    FSMC_PCCARDCmd                           0x080011b9   Thumb Code    44  stm32f10x_fsmc.o(.text)
    FSMC_NANDECCCmd                          0x080011e5   Thumb Code    92  stm32f10x_fsmc.o(.text)
    FSMC_GetECC                              0x08001241   Thumb Code    24  stm32f10x_fsmc.o(.text)
    FSMC_ITConfig                            0x08001259   Thumb Code   128  stm32f10x_fsmc.o(.text)
    FSMC_GetFlagStatus                       0x080012d9   Thumb Code    52  stm32f10x_fsmc.o(.text)
    FSMC_ClearFlag                           0x0800130d   Thumb Code    62  stm32f10x_fsmc.o(.text)
    FSMC_GetITStatus                         0x0800134b   Thumb Code    64  stm32f10x_fsmc.o(.text)
    FSMC_ClearITPendingBit                   0x0800138b   Thumb Code    68  stm32f10x_fsmc.o(.text)
    GPIO_DeInit                              0x080013d9   Thumb Code   172  stm32f10x_gpio.o(.text)
    GPIO_AFIODeInit                          0x08001485   Thumb Code    20  stm32f10x_gpio.o(.text)
    GPIO_Init                                0x08001499   Thumb Code   268  stm32f10x_gpio.o(.text)
    GPIO_StructInit                          0x080015a5   Thumb Code    16  stm32f10x_gpio.o(.text)
    GPIO_ReadInputDataBit                    0x080015b5   Thumb Code    18  stm32f10x_gpio.o(.text)
    GPIO_ReadInputData                       0x080015c7   Thumb Code     8  stm32f10x_gpio.o(.text)
    GPIO_ReadOutputDataBit                   0x080015cf   Thumb Code    18  stm32f10x_gpio.o(.text)
    GPIO_ReadOutputData                      0x080015e1   Thumb Code     8  stm32f10x_gpio.o(.text)
    GPIO_SetBits                             0x080015e9   Thumb Code     4  stm32f10x_gpio.o(.text)
    GPIO_ResetBits                           0x080015ed   Thumb Code     4  stm32f10x_gpio.o(.text)
    GPIO_WriteBit                            0x080015f1   Thumb Code    10  stm32f10x_gpio.o(.text)
    GPIO_Write                               0x080015fb   Thumb Code     4  stm32f10x_gpio.o(.text)
    GPIO_PinLockConfig                       0x080015ff   Thumb Code    18  stm32f10x_gpio.o(.text)
    GPIO_EventOutputConfig                   0x08001611   Thumb Code    24  stm32f10x_gpio.o(.text)
    GPIO_EventOutputCmd                      0x08001629   Thumb Code     6  stm32f10x_gpio.o(.text)
    GPIO_PinRemapConfig                      0x0800162f   Thumb Code   136  stm32f10x_gpio.o(.text)
    GPIO_EXTILineConfig                      0x080016b7   Thumb Code    60  stm32f10x_gpio.o(.text)
    GPIO_ETH_MediaInterfaceConfig            0x080016f3   Thumb Code     8  stm32f10x_gpio.o(.text)
    I2C_DeInit                               0x08001721   Thumb Code    50  stm32f10x_i2c.o(.text)
    I2C_Init                                 0x08001753   Thumb Code   230  stm32f10x_i2c.o(.text)
    I2C_StructInit                           0x08001839   Thumb Code    30  stm32f10x_i2c.o(.text)
    I2C_Cmd                                  0x08001857   Thumb Code    24  stm32f10x_i2c.o(.text)
    I2C_DMACmd                               0x0800186f   Thumb Code    24  stm32f10x_i2c.o(.text)
    I2C_DMALastTransferCmd                   0x08001887   Thumb Code    24  stm32f10x_i2c.o(.text)
    I2C_GenerateSTART                        0x0800189f   Thumb Code    24  stm32f10x_i2c.o(.text)
    I2C_GenerateSTOP                         0x080018b7   Thumb Code    24  stm32f10x_i2c.o(.text)
    I2C_AcknowledgeConfig                    0x080018cf   Thumb Code    24  stm32f10x_i2c.o(.text)
    I2C_OwnAddress2Config                    0x080018e7   Thumb Code    20  stm32f10x_i2c.o(.text)
    I2C_DualAddressCmd                       0x080018fb   Thumb Code    24  stm32f10x_i2c.o(.text)
    I2C_GeneralCallCmd                       0x08001913   Thumb Code    24  stm32f10x_i2c.o(.text)
    I2C_ITConfig                             0x0800192b   Thumb Code    24  stm32f10x_i2c.o(.text)
    I2C_SendData                             0x08001943   Thumb Code     4  stm32f10x_i2c.o(.text)
    I2C_ReceiveData                          0x08001947   Thumb Code     8  stm32f10x_i2c.o(.text)
    I2C_Send7bitAddress                      0x0800194f   Thumb Code    18  stm32f10x_i2c.o(.text)
    I2C_ReadRegister                         0x08001961   Thumb Code    14  stm32f10x_i2c.o(.text)
    I2C_SoftwareResetCmd                     0x0800196f   Thumb Code    22  stm32f10x_i2c.o(.text)
    I2C_NACKPositionConfig                   0x08001985   Thumb Code    28  stm32f10x_i2c.o(.text)
    I2C_SMBusAlertConfig                     0x080019a1   Thumb Code    28  stm32f10x_i2c.o(.text)
    I2C_TransmitPEC                          0x080019bd   Thumb Code    24  stm32f10x_i2c.o(.text)
    I2C_PECPositionConfig                    0x080019d5   Thumb Code    28  stm32f10x_i2c.o(.text)
    I2C_CalculatePEC                         0x080019f1   Thumb Code    24  stm32f10x_i2c.o(.text)
    I2C_GetPEC                               0x08001a09   Thumb Code     8  stm32f10x_i2c.o(.text)
    I2C_ARPCmd                               0x08001a11   Thumb Code    24  stm32f10x_i2c.o(.text)
    I2C_StretchClockCmd                      0x08001a29   Thumb Code    24  stm32f10x_i2c.o(.text)
    I2C_FastModeDutyCycleConfig              0x08001a41   Thumb Code    28  stm32f10x_i2c.o(.text)
    I2C_CheckEvent                           0x08001a5d   Thumb Code    42  stm32f10x_i2c.o(.text)
    I2C_GetLastEvent                         0x08001a87   Thumb Code    26  stm32f10x_i2c.o(.text)
    I2C_GetFlagStatus                        0x08001aa1   Thumb Code    42  stm32f10x_i2c.o(.text)
    I2C_ClearFlag                            0x08001acb   Thumb Code    12  stm32f10x_i2c.o(.text)
    I2C_GetITStatus                          0x08001ad7   Thumb Code    38  stm32f10x_i2c.o(.text)
    I2C_ClearITPendingBit                    0x08001afd   Thumb Code    28  stm32f10x_i2c.o(.text)
    RCC_DeInit                               0x08001b19   Thumb Code    64  stm32f10x_rcc.o(.text)
    RCC_HSEConfig                            0x08001b59   Thumb Code    70  stm32f10x_rcc.o(.text)
    RCC_GetFlagStatus                        0x08001b9f   Thumb Code    56  stm32f10x_rcc.o(.text)
    RCC_WaitForHSEStartUp                    0x08001bd7   Thumb Code    48  stm32f10x_rcc.o(.text)
    RCC_AdjustHSICalibrationValue            0x08001c07   Thumb Code    18  stm32f10x_rcc.o(.text)
    RCC_HSICmd                               0x08001c19   Thumb Code     6  stm32f10x_rcc.o(.text)
    RCC_PLLConfig                            0x08001c1f   Thumb Code    22  stm32f10x_rcc.o(.text)
    RCC_PLLCmd                               0x08001c35   Thumb Code     6  stm32f10x_rcc.o(.text)
    RCC_SYSCLKConfig                         0x08001c3b   Thumb Code    16  stm32f10x_rcc.o(.text)
    RCC_GetSYSCLKSource                      0x08001c4b   Thumb Code    10  stm32f10x_rcc.o(.text)
    RCC_HCLKConfig                           0x08001c55   Thumb Code    16  stm32f10x_rcc.o(.text)
    RCC_PCLK1Config                          0x08001c65   Thumb Code    16  stm32f10x_rcc.o(.text)
    RCC_PCLK2Config                          0x08001c75   Thumb Code    18  stm32f10x_rcc.o(.text)
    RCC_ITConfig                             0x08001c87   Thumb Code    30  stm32f10x_rcc.o(.text)
    RCC_USBCLKConfig                         0x08001ca5   Thumb Code     8  stm32f10x_rcc.o(.text)
    RCC_ADCCLKConfig                         0x08001cad   Thumb Code    16  stm32f10x_rcc.o(.text)
    RCC_LSEConfig                            0x08001cbd   Thumb Code    50  stm32f10x_rcc.o(.text)
    RCC_LSICmd                               0x08001cef   Thumb Code     6  stm32f10x_rcc.o(.text)
    RCC_RTCCLKConfig                         0x08001cf5   Thumb Code    12  stm32f10x_rcc.o(.text)
    RCC_RTCCLKCmd                            0x08001d01   Thumb Code     8  stm32f10x_rcc.o(.text)
    RCC_GetClocksFreq                        0x08001d09   Thumb Code   194  stm32f10x_rcc.o(.text)
    RCC_AHBPeriphClockCmd                    0x08001dcb   Thumb Code    26  stm32f10x_rcc.o(.text)
    RCC_APB2PeriphClockCmd                   0x08001de5   Thumb Code    26  stm32f10x_rcc.o(.text)
    RCC_APB1PeriphClockCmd                   0x08001dff   Thumb Code    26  stm32f10x_rcc.o(.text)
    RCC_APB2PeriphResetCmd                   0x08001e19   Thumb Code    26  stm32f10x_rcc.o(.text)
    RCC_APB1PeriphResetCmd                   0x08001e33   Thumb Code    26  stm32f10x_rcc.o(.text)
    RCC_BackupResetCmd                       0x08001e4d   Thumb Code     8  stm32f10x_rcc.o(.text)
    RCC_ClockSecuritySystemCmd               0x08001e55   Thumb Code     6  stm32f10x_rcc.o(.text)
    RCC_MCOConfig                            0x08001e5b   Thumb Code     6  stm32f10x_rcc.o(.text)
    RCC_ClearFlag                            0x08001e61   Thumb Code    14  stm32f10x_rcc.o(.text)
    RCC_GetITStatus                          0x08001e6f   Thumb Code    20  stm32f10x_rcc.o(.text)
    RCC_ClearITPendingBit                    0x08001e83   Thumb Code     6  stm32f10x_rcc.o(.text)
    SDIO_DeInit                              0x08001ea9   Thumb Code    28  stm32f10x_sdio.o(.text)
    SDIO_Init                                0x08001ec5   Thumb Code    42  stm32f10x_sdio.o(.text)
    SDIO_StructInit                          0x08001eef   Thumb Code    16  stm32f10x_sdio.o(.text)
    SDIO_ClockCmd                            0x08001eff   Thumb Code     6  stm32f10x_sdio.o(.text)
    SDIO_SetPowerState                       0x08001f05   Thumb Code    22  stm32f10x_sdio.o(.text)
    SDIO_GetPowerState                       0x08001f1b   Thumb Code    10  stm32f10x_sdio.o(.text)
    SDIO_ITConfig                            0x08001f25   Thumb Code    26  stm32f10x_sdio.o(.text)
    SDIO_DMACmd                              0x08001f3f   Thumb Code     6  stm32f10x_sdio.o(.text)
    SDIO_SendCommand                         0x08001f45   Thumb Code    38  stm32f10x_sdio.o(.text)
    SDIO_CmdStructInit                       0x08001f6b   Thumb Code    14  stm32f10x_sdio.o(.text)
    SDIO_GetCommandResponse                  0x08001f79   Thumb Code     8  stm32f10x_sdio.o(.text)
    SDIO_GetResponse                         0x08001f81   Thumb Code    14  stm32f10x_sdio.o(.text)
    SDIO_DataConfig                          0x08001f8f   Thumb Code    42  stm32f10x_sdio.o(.text)
    SDIO_DataStructInit                      0x08001fb9   Thumb Code    20  stm32f10x_sdio.o(.text)
    SDIO_GetDataCounter                      0x08001fcd   Thumb Code     6  stm32f10x_sdio.o(.text)
    SDIO_ReadData                            0x08001fd3   Thumb Code     8  stm32f10x_sdio.o(.text)
    SDIO_WriteData                           0x08001fdb   Thumb Code     8  stm32f10x_sdio.o(.text)
    SDIO_GetFIFOCount                        0x08001fe3   Thumb Code     6  stm32f10x_sdio.o(.text)
    SDIO_StartSDIOReadWait                   0x08001fe9   Thumb Code     8  stm32f10x_sdio.o(.text)
    SDIO_StopSDIOReadWait                    0x08001ff1   Thumb Code     8  stm32f10x_sdio.o(.text)
    SDIO_SetSDIOReadWaitMode                 0x08001ff9   Thumb Code     8  stm32f10x_sdio.o(.text)
    SDIO_SetSDIOOperation                    0x08002001   Thumb Code     8  stm32f10x_sdio.o(.text)
    SDIO_SendSDIOSuspendCmd                  0x08002009   Thumb Code     6  stm32f10x_sdio.o(.text)
    SDIO_CommandCompletionCmd                0x0800200f   Thumb Code     8  stm32f10x_sdio.o(.text)
    SDIO_CEATAITCmd                          0x08002017   Thumb Code    12  stm32f10x_sdio.o(.text)
    SDIO_SendCEATACmd                        0x08002023   Thumb Code     8  stm32f10x_sdio.o(.text)
    SDIO_GetFlagStatus                       0x0800202b   Thumb Code    20  stm32f10x_sdio.o(.text)
    SDIO_ClearFlag                           0x0800203f   Thumb Code     6  stm32f10x_sdio.o(.text)
    SDIO_GetITStatus                         0x08002045   Thumb Code    20  stm32f10x_sdio.o(.text)
    SDIO_ClearITPendingBit                   0x08002059   Thumb Code     6  stm32f10x_sdio.o(.text)
    SPI_I2S_DeInit                           0x08002075   Thumb Code    76  stm32f10x_spi.o(.text)
    SPI_Init                                 0x080020c1   Thumb Code    60  stm32f10x_spi.o(.text)
    I2S_Init                                 0x080020fd   Thumb Code   216  stm32f10x_spi.o(.text)
    SPI_StructInit                           0x080021d5   Thumb Code    24  stm32f10x_spi.o(.text)
    I2S_StructInit                           0x080021ed   Thumb Code    20  stm32f10x_spi.o(.text)
    SPI_Cmd                                  0x08002201   Thumb Code    24  stm32f10x_spi.o(.text)
    I2S_Cmd                                  0x08002219   Thumb Code    24  stm32f10x_spi.o(.text)
    SPI_I2S_ITConfig                         0x08002231   Thumb Code    36  stm32f10x_spi.o(.text)
    SPI_I2S_DMACmd                           0x08002255   Thumb Code    24  stm32f10x_spi.o(.text)
    SPI_I2S_SendData                         0x0800226d   Thumb Code     4  stm32f10x_spi.o(.text)
    SPI_I2S_ReceiveData                      0x08002271   Thumb Code     6  stm32f10x_spi.o(.text)
    SPI_NSSInternalSoftwareConfig            0x08002277   Thumb Code    30  stm32f10x_spi.o(.text)
    SPI_SSOutputCmd                          0x08002295   Thumb Code    24  stm32f10x_spi.o(.text)
    SPI_DataSizeConfig                       0x080022ad   Thumb Code    18  stm32f10x_spi.o(.text)
    SPI_TransmitCRC                          0x080022bf   Thumb Code    10  stm32f10x_spi.o(.text)
    SPI_CalculateCRC                         0x080022c9   Thumb Code    24  stm32f10x_spi.o(.text)
    SPI_GetCRC                               0x080022e1   Thumb Code    16  stm32f10x_spi.o(.text)
    SPI_GetCRCPolynomial                     0x080022f1   Thumb Code     6  stm32f10x_spi.o(.text)
    SPI_BiDirectionalLineConfig              0x080022f7   Thumb Code    28  stm32f10x_spi.o(.text)
    SPI_I2S_GetFlagStatus                    0x08002313   Thumb Code    18  stm32f10x_spi.o(.text)
    SPI_I2S_ClearFlag                        0x08002325   Thumb Code     6  stm32f10x_spi.o(.text)
    SPI_I2S_GetITStatus                      0x0800232b   Thumb Code    52  stm32f10x_spi.o(.text)
    SPI_I2S_ClearITPendingBit                0x0800235f   Thumb Code    20  stm32f10x_spi.o(.text)
    LCD_LCD_WriteReg                         0x08002381   Thumb Code     8  lcd.o(.text)
    LCD_WR_DATA                              0x08002389   Thumb Code     6  lcd.o(.text)
    LCD_RD_DATA                              0x0800238f   Thumb Code     6  lcd.o(.text)
    LCD_WriteReg                             0x08002395   Thumb Code    12  lcd.o(.text)
    LCD_ReadReg                              0x080023a1   Thumb Code    22  lcd.o(.text)
    LCD_WriteRAM_Prepare                     0x080023b7   Thumb Code    10  lcd.o(.text)
    LCD_WriteRAM                             0x080023c1   Thumb Code     6  lcd.o(.text)
    LCD_BGR2RGB                              0x080023c7   Thumb Code    26  lcd.o(.text)
    opt_delay_ms                             0x080023e1   Thumb Code    14  lcd.o(.text)
    LCD_SetCursor                            0x080023ef   Thumb Code    24  lcd.o(.text)
    LCD_ReadPoint                            0x08002407   Thumb Code    48  lcd.o(.text)
    LCD_DisplayOn                            0x08002437   Thumb Code     2  lcd.o(.text)
    LCD_DisplayOff                           0x08002439   Thumb Code     2  lcd.o(.text)
    LCD_Scan_Dir                             0x0800243b   Thumb Code     2  lcd.o(.text)
    LCD_DrawPoint                            0x0800243d   Thumb Code    28  lcd.o(.text)
    LCD_Fast_DrawPoint                       0x08002459   Thumb Code    26  lcd.o(.text)
    LCD_Display_Dir                          0x08002473   Thumb Code    18  lcd.o(.text)
    LCD_GPIO_Config                          0x08002485   Thumb Code   148  lcd.o(.text)
    LCD_FSMC_Config                          0x08002519   Thumb Code   100  lcd.o(.text)
    LCD_Clear                                0x0800257d   Thumb Code    42  lcd.o(.text)
    LCD_Init                                 0x080025a7   Thumb Code   366  lcd.o(.text)
    LCD_SetDisplayWindow                     0x08002715   Thumb Code    48  lcd.o(.text)
    LCD_Fill                                 0x08002745   Thumb Code   134  lcd.o(.text)
    LCD_Color_Fill                           0x080027cb   Thumb Code   102  lcd.o(.text)
    LCD_DrawLine                             0x08002831   Thumb Code   200  lcd.o(.text)
    LCD_DrawRectangle                        0x080028f9   Thumb Code    60  lcd.o(.text)
    Draw_Circle                              0x08002935   Thumb Code   172  lcd.o(.text)
    LCD_ShowChar                             0x080029e1   Thumb Code   346  lcd.o(.text)
    LCD_Pow                                  0x08002b3b   Thumb Code    22  lcd.o(.text)
    LCD_ShowNum                              0x08002b51   Thumb Code   184  lcd.o(.text)
    LCD_ShowxNum                             0x08002c09   Thumb Code   200  lcd.o(.text)
    LCD_ShowString                           0x08002cd1   Thumb Code   104  lcd.o(.text)
    SPI2_ReadWriteByte                       0x08002d39   Thumb Code    70  spi.o(.text)
    SPI1_Init                                0x08002d7f   Thumb Code   130  spi.o(.text)
    SPI2_Init                                0x08002e01   Thumb Code   144  spi.o(.text)
    SPI1_SetSpeed                            0x08002e91   Thumb Code    36  spi.o(.text)
    SPI2_SetSpeed                            0x08002eb5   Thumb Code    46  spi.o(.text)
    SPI1_ReadWriteByte                       0x08002ee3   Thumb Code    66  spi.o(.text)
    SPI_Flash_ReadSR                         0x08002f39   Thumb Code    54  flash.o(.text)
    SPI_Flash_Wait_Busy                      0x08002f6f   Thumb Code    16  flash.o(.text)
    SPI_Flash_ReadID                         0x08002f7f   Thumb Code    62  flash.o(.text)
    SPI_Flash_Init                           0x08002fbd   Thumb Code    90  flash.o(.text)
    DF_mm_to_buf                             0x08003017   Thumb Code    64  flash.o(.text)
    DF_buf_to_mm                             0x08003057   Thumb Code    70  flash.o(.text)
    SPI_Flash_Write                          0x0800309d   Thumb Code   206  flash.o(.text)
    SPI_Flash_Read                           0x0800316b   Thumb Code   204  flash.o(.text)
    DF_page_earse                            0x08003237   Thumb Code    52  flash.o(.text)
    mymemcpy                                 0x08003289   Thumb Code    26  malloc.o(.text)
    mymemset                                 0x080032a3   Thumb Code    20  malloc.o(.text)
    mem_init                                 0x080032b7   Thumb Code    54  malloc.o(.text)
    mem_perused                              0x080032ed   Thumb Code    54  malloc.o(.text)
    mem_malloc                               0x08003323   Thumb Code   162  malloc.o(.text)
    mem_free                                 0x080033c5   Thumb Code    94  malloc.o(.text)
    myfree                                   0x08003423   Thumb Code    30  malloc.o(.text)
    mymalloc                                 0x08003441   Thumb Code    34  malloc.o(.text)
    myrealloc                                0x08003463   Thumb Code    66  malloc.o(.text)
    JTAG_Set                                 0x080034b5   Thumb Code    40  led.o(.text)
    LED_Init                                 0x080034dd   Thumb Code    52  led.o(.text)
    SD_InitializeCards                       0x080035f3   Thumb Code   310  sdcard.o(.text)
    SD_PowerON                               0x080038f7   Thumb Code   410  sdcard.o(.text)
    SD_Init                                  0x08003ac7   Thumb Code    84  sdcard.o(.text)
    SD_PowerOFF                              0x08003b1b   Thumb Code    14  sdcard.o(.text)
    SD_GetCardInfo                           0x08003b29   Thumb Code   758  sdcard.o(.text)
    SD_EnableWideBusOperation                0x080040c1   Thumb Code   180  sdcard.o(.text)
    SD_SetDeviceMode                         0x08004175   Thumb Code    24  sdcard.o(.text)
    SD_SelectDeselect                        0x0800418d   Thumb Code    48  sdcard.o(.text)
    SD_ReadBlock                             0x08004225   Thumb Code   562  sdcard.o(.text)
    SD_ReadMultiBlocks                       0x08004457   Thumb Code   778  sdcard.o(.text)
    SD_WriteBlock                            0x08004911   Thumb Code   924  sdcard.o(.text)
    SD_WriteMultiBlocks                      0x08004cad   Thumb Code  1070  sdcard.o(.text)
    SD_GetTransferState                      0x080050db   Thumb Code    18  sdcard.o(.text)
    SD_StopTransfer                          0x080050ed   Thumb Code    46  sdcard.o(.text)
    SD_Erase                                 0x0800511b   Thumb Code   350  sdcard.o(.text)
    SD_SendStatus                            0x08005279   Thumb Code    76  sdcard.o(.text)
    SD_SendSDStatus                          0x080052c5   Thumb Code   416  sdcard.o(.text)
    SD_ProcessIRQSrc                         0x08005465   Thumb Code   610  sdcard.o(.text)
    SDIO_NVIC_Configuration                  0x080056d1   Thumb Code    42  sd_fs_app.o(.text)
    sd_fs_init                               0x080056fb   Thumb Code    14  sd_fs_app.o(.text)
    Sd_fs_test                               0x08005709   Thumb Code   196  sd_fs_app.o(.text)
    Sdfs_new                                 0x080057cd   Thumb Code    92  sd_fs_app.o(.text)
    Sdfs_write                               0x08005829   Thumb Code    92  sd_fs_app.o(.text)
    Sdfs_read                                0x08005885   Thumb Code   156  sd_fs_app.o(.text)
    GetGBKCode_from_sd                       0x08005921   Thumb Code    96  sd_fs_app.o(.text)
    VS_SPI_ReadWriteByte                     0x080059cd   Thumb Code    12  vs10xx.o(.text)
    VS_SPI_SpeedLow                          0x080059d9   Thumb Code    10  vs10xx.o(.text)
    VS_SPI_SpeedHigh                         0x080059e3   Thumb Code    10  vs10xx.o(.text)
    VS_Init                                  0x080059ed   Thumb Code   200  vs10xx.o(.text)
    VS_WR_Cmd                                0x08005ab5   Thumb Code    72  vs10xx.o(.text)
    VS_RD_Reg                                0x08005afd   Thumb Code    82  vs10xx.o(.text)
    VS_Soft_Reset                            0x08005b4f   Thumb Code   124  vs10xx.o(.text)
    VS_HD_Reset                              0x08005bcb   Thumb Code    74  vs10xx.o(.text)
    VS_Set_Vol                               0x08005c15   Thumb Code    34  vs10xx.o(.text)
    VS_Sine_Test                             0x08005c37   Thumb Code   320  vs10xx.o(.text)
    VS_Ram_Test                              0x08005d77   Thumb Code   108  vs10xx.o(.text)
    VS_WR_Data                               0x08005de3   Thumb Code    74  vs10xx.o(.text)
    VS_WRAM_Read                             0x08005e2d   Thumb Code    24  vs10xx.o(.text)
    VS_Set_Speed                             0x08005e45   Thumb Code    34  vs10xx.o(.text)
    VS_Get_HeadInfo                          0x08005e67   Thumb Code   168  vs10xx.o(.text)
    VS_Get_ByteRate                          0x08005f0f   Thumb Code    12  vs10xx.o(.text)
    VS_Get_EndFillByte                       0x08005f1b   Thumb Code    12  vs10xx.o(.text)
    VS_Send_MusicData                        0x08005f27   Thumb Code    54  vs10xx.o(.text)
    VS_Restart_Play                          0x08005f5d   Thumb Code   182  vs10xx.o(.text)
    VS_Reset_DecodeTime                      0x08006013   Thumb Code    20  vs10xx.o(.text)
    VS_Get_DecodeTime                        0x08006027   Thumb Code    16  vs10xx.o(.text)
    VS_Load_Patch                            0x08006037   Thumb Code   120  vs10xx.o(.text)
    VS_Set_Bass                              0x080060af   Thumb Code    98  vs10xx.o(.text)
    VS_Set_Effect                            0x08006111   Thumb Code    54  vs10xx.o(.text)
    VS_Set_All                               0x08006147   Thumb Code    34  vs10xx.o(.text)
    Get_HzMat                                0x08006175   Thumb Code   156  text.o(.text)
    Show_Font                                0x08006211   Thumb Code   248  text.o(.text)
    Show_Str                                 0x08006309   Thumb Code   220  text.o(.text)
    Show_Str_Mid                             0x080063e5   Thumb Code   116  text.o(.text)
    fupd_prog                                0x08006465   Thumb Code   142  fontupd.o(.text)
    updata_fontx                             0x080064f3   Thumb Code   308  fontupd.o(.text)
    update_font                              0x08006627   Thumb Code   300  fontupd.o(.text)
    font_init                                0x08006753   Thumb Code   124  fontupd.o(.text)
    TP_Write_Byte                            0x080068a9   Thumb Code    12  touch.o(.text)
    TP_Read_AD                               0x080068b5   Thumb Code    56  touch.o(.text)
    TP_Read_XOY                              0x080068ed   Thumb Code   126  touch.o(.text)
    TP_Read_XY                               0x0800696b   Thumb Code    38  touch.o(.text)
    TP_Read_XY2                              0x08006991   Thumb Code   192  touch.o(.text)
    TP_Drow_Touch_Point                      0x08006a51   Thumb Code   108  touch.o(.text)
    TP_Draw_Big_Point                        0x08006abd   Thumb Code    54  touch.o(.text)
    TP_Scan                                  0x08006af3   Thumb Code   246  touch.o(.text)
    TP_Save_Adjdata                          0x08006be9   Thumb Code    46  touch.o(.text)
    TP_Get_Adjdata                           0x08006c17   Thumb Code    88  touch.o(.text)
    TP_Adj_Info_Show                         0x08006c6f   Thumb Code   418  touch.o(.text)
    TP_Adjust                                0x08006e11   Thumb Code  1802  touch.o(.text)
    TP_Init                                  0x0800751b   Thumb Code   178  touch.o(.text)
    Draw_mainPage                            0x080075cd   Thumb Code   216  myui.o(.text)
    I2C_EE_Init                              0x08007725   Thumb Code    18  i2cee.o(.text)
    I2C_EE_WaitEepromStandbyState            0x08007737   Thumb Code    70  i2cee.o(.text)
    I2C_EE_PageWrite                         0x0800777d   Thumb Code   146  i2cee.o(.text)
    I2C_EE_BufferWrite                       0x0800780f   Thumb Code   290  i2cee.o(.text)
    I2C_EE_ByteWrite                         0x08007931   Thumb Code   114  i2cee.o(.text)
    I2C_EE_BufferRead                        0x080079a3   Thumb Code   220  i2cee.o(.text)
    clust2sect                               0x08007c3f   Thumb Code    26  ff.o(.text)
    get_fat                                  0x08007c59   Thumb Code   242  ff.o(.text)
    put_fat                                  0x08007d4b   Thumb Code   348  ff.o(.text)
    dir_sdi                                  0x08008009   Thumb Code   156  ff.o(.text)
    gen_numname                              0x0800835d   Thumb Code   214  ff.o(.text)
    f_mount                                  0x080091a3   Thumb Code    42  ff.o(.text)
    f_open                                   0x080091cd   Thumb Code   376  ff.o(.text)
    f_read                                   0x08009345   Thumb Code   496  ff.o(.text)
    f_write                                  0x08009535   Thumb Code   562  ff.o(.text)
    f_sync                                   0x08009767   Thumb Code   174  ff.o(.text)
    f_close                                  0x08009815   Thumb Code    22  ff.o(.text)
    f_lseek                                  0x0800982b   Thumb Code   742  ff.o(.text)
    f_opendir                                0x08009b11   Thumb Code   138  ff.o(.text)
    f_readdir                                0x08009b9b   Thumb Code   112  ff.o(.text)
    f_stat                                   0x08009c0b   Thumb Code    82  ff.o(.text)
    f_getfree                                0x08009c5d   Thumb Code   294  ff.o(.text)
    f_truncate                               0x08009d83   Thumb Code   160  ff.o(.text)
    f_unlink                                 0x08009e23   Thumb Code   192  ff.o(.text)
    f_mkdir                                  0x08009ee3   Thumb Code   400  ff.o(.text)
    f_chmod                                  0x0800a073   Thumb Code   126  ff.o(.text)
    f_utime                                  0x0800a0f1   Thumb Code   112  ff.o(.text)
    f_rename                                 0x0800a161   Thumb Code   308  ff.o(.text)
    f_mkfs                                   0x0800a295   Thumb Code  1592  ff.o(.text)
    f_gets                                   0x0800a8cd   Thumb Code    80  ff.o(.text)
    f_putc                                   0x0800a91d   Thumb Code    38  ff.o(.text)
    f_puts                                   0x0800a943   Thumb Code    40  ff.o(.text)
    f_printf                                 0x0800a96b   Thumb Code   732  ff.o(.text)
    exfuns_init                              0x0800ac49   Thumb Code   110  exfuns.o(.text)
    char_upper                               0x0800acb7   Thumb Code    26  exfuns.o(.text)
    f_typetell                               0x0800acd1   Thumb Code   188  exfuns.o(.text)
    exf_getfree                              0x0800ad8d   Thumb Code    74  exfuns.o(.text)
    ff_convert                               0x0800aded   Thumb Code   156  mycc936.o(.text)
    ff_wtoupper                              0x0800ae89   Thumb Code    48  mycc936.o(.text)
    disk_initialize                          0x0800aec5   Thumb Code    46  diskio.o(.text)
    disk_status                              0x0800aef3   Thumb Code    34  diskio.o(.text)
    disk_read                                0x0800af15   Thumb Code    48  diskio.o(.text)
    disk_write                               0x0800af45   Thumb Code    48  diskio.o(.text)
    disk_ioctl                               0x0800af75   Thumb Code     6  diskio.o(.text)
    get_fattime                              0x0800af7b   Thumb Code     4  diskio.o(.text)
    ff_memalloc                              0x0800af7f   Thumb Code    14  diskio.o(.text)
    ff_memfree                               0x0800af8d   Thumb Code    14  diskio.o(.text)
    stdbmp_decode                            0x0800af9d   Thumb Code   720  bmp.o(.text)
    minibmp_decode                           0x0800b26d   Thumb Code  1030  bmp.o(.text)
    bmp_encode                               0x0800b673   Thumb Code   504  bmp.o(.text)
    gif_check_head                           0x0800b879   Thumb Code    88  gif.o(.text)
    gif_getrgb565                            0x0800b8d1   Thumb Code    28  gif.o(.text)
    gif_readcolortbl                         0x0800b8ed   Thumb Code    70  gif.o(.text)
    gif_getinfo                              0x0800b933   Thumb Code    70  gif.o(.text)
    gif_savegctbl                            0x0800b979   Thumb Code    36  gif.o(.text)
    gif_recovergctbl                         0x0800b99d   Thumb Code    36  gif.o(.text)
    gif_initlzw                              0x0800b9c1   Thumb Code   164  gif.o(.text)
    gif_getdatablock                         0x0800ba65   Thumb Code    96  gif.o(.text)
    gif_readextension                        0x0800bac5   Thumb Code   160  gif.o(.text)
    gif_getnextcode                          0x0800bb65   Thumb Code   468  gif.o(.text)
    gif_getnextbyte                          0x0800bd39   Thumb Code   886  gif.o(.text)
    gif_dispimage                            0x0800c0af   Thumb Code   562  gif.o(.text)
    gif_clear2bkcolor                        0x0800c2e1   Thumb Code   500  gif.o(.text)
    gif_drawimage                            0x0800c4d5   Thumb Code   360  gif.o(.text)
    gif_quit                                 0x0800c63d   Thumb Code     8  gif.o(.text)
    gif_decode                               0x0800c645   Thumb Code   340  gif.o(.text)
    jpeg_mallocall                           0x0800c79d   Thumb Code   394  jpeg.o(.text)
    jpeg_freeall                             0x0800c927   Thumb Code   182  jpeg.o(.text)
    jpeg_storebuffer                         0x0800c9dd   Thumb Code   614  jpeg.o(.text)
    jpeg_getyuv                              0x0800cc43   Thumb Code   264  jpeg.o(.text)
    jpeg_idctcol                             0x0800cd4b   Thumb Code   528  jpeg.o(.text)
    jpeg_idctrow                             0x0800cf5b   Thumb Code   434  jpeg.o(.text)
    jpeg_fastidct                            0x0800d10d   Thumb Code    46  jpeg.o(.text)
    jpeg_iqtizzblock                         0x0800d13b   Thumb Code   208  jpeg.o(.text)
    jpeg_iqtizzmcucomponent                  0x0800d20b   Thumb Code   210  jpeg.o(.text)
    jpg_seek                                 0x0800d2dd   Thumb Code    62  jpeg.o(.text)
    jpeg_readu8                              0x0800d31b   Thumb Code    54  jpeg.o(.text)
    jpeg_decodeelement                       0x0800d351   Thumb Code   716  jpeg.o(.text)
    jpeg_hufblock                            0x0800d61d   Thumb Code   174  jpeg.o(.text)
    jpeg_decodemcublock                      0x0800d6cb   Thumb Code   484  jpeg.o(.text)
    jpeg_initfastidct                        0x0800d8af   Thumb Code    58  jpeg.o(.text)
    jpeg_decode                              0x0800d8e9   Thumb Code   476  jpeg.o(.text)
    jpeg_inittag                             0x0800dac5   Thumb Code  1966  jpeg.o(.text)
    jpeg_inittable                           0x0800e273   Thumb Code   390  jpeg.o(.text)
    jpg_decode                               0x0800e3f9   Thumb Code   108  jpeg.o(.text)
    piclib_draw_hline                        0x0800e4bd   Thumb Code    50  piclib.o(.text)
    piclib_init                              0x0800e4ef   Thumb Code    44  piclib.o(.text)
    piclib_alpha_blend                       0x0800e51b   Thumb Code    42  piclib.o(.text)
    ai_draw_init                             0x0800e545   Thumb Code   264  piclib.o(.text)
    is_element_ok                            0x0800e64d   Thumb Code    36  piclib.o(.text)
    ai_load_picfile                          0x0800e671   Thumb Code   186  piclib.o(.text)
    btn_read_backcolor                       0x0800e749   Thumb Code    72  button.o(.text)
    btn_recover_backcolor                    0x0800e791   Thumb Code    72  button.o(.text)
    btn_delete                               0x0800e7d9   Thumb Code    40  button.o(.text)
    btn_creat                                0x0800e801   Thumb Code   300  button.o(.text)
    btn_release_hook                         0x0800e92d   Thumb Code     2  button.o(.text)
    btn_press_hook                           0x0800e92f   Thumb Code     2  button.o(.text)
    btn_draw_textbbtn                        0x0800e931   Thumb Code   132  button.o(.text)
    btn_draw_textabtn                        0x0800e9b5   Thumb Code   104  button.o(.text)
    btn_draw_arcbtn                          0x0800ea1d   Thumb Code   304  button.o(.text)
    btn_draw_picbtn                          0x0800eb4d   Thumb Code   114  button.o(.text)
    btn_draw_stdbtn                          0x0800ebbf   Thumb Code   430  button.o(.text)
    btn_draw                                 0x0800ed6d   Thumb Code   112  button.o(.text)
    btn_check                                0x0800eddd   Thumb Code   254  button.o(.text)
    btn_test                                 0x0800eedb   Thumb Code   102  button.o(.text)
    _gui_draw_point                          0x0800ef41   Thumb Code    32  gui.o(.text)
    gui_init                                 0x0800ef61   Thumb Code    36  gui.o(.text)
    gui_get_key                              0x0800ef85   Thumb Code   110  gui.o(.text)
    gui_color_chg                            0x0800eff3   Thumb Code    26  gui.o(.text)
    gui_rgb332torgb565                       0x0800f00d   Thumb Code    32  gui.o(.text)
    gui_pow                                  0x0800f02d   Thumb Code    48  gui.o(.text)
    gui_disabs                               0x0800f05d   Thumb Code    14  gui.o(.text)
    gui_alpha_blend565                       0x0800f06b   Thumb Code    42  gui.o(.text)
    gui_alphablend_area                      0x0800f095   Thumb Code   112  gui.o(.text)
    gui_draw_bigpoint                        0x0800f105   Thumb Code    88  gui.o(.text)
    gui_draw_line                            0x0800f15d   Thumb Code   192  gui.o(.text)
    gui_draw_vline                           0x0800f21d   Thumb Code    54  gui.o(.text)
    gui_draw_hline                           0x0800f253   Thumb Code    54  gui.o(.text)
    gui_fill_colorblock                      0x0800f289   Thumb Code   110  gui.o(.text)
    gui_smooth_color                         0x0800f2f7   Thumb Code   188  gui.o(.text)
    gui_memin_free                           0x0800f3b3   Thumb Code    14  gui.o(.text)
    gui_memin_malloc                         0x0800f3c1   Thumb Code    14  gui.o(.text)
    gui_draw_smooth_rectangle                0x0800f3cf   Thumb Code   124  gui.o(.text)
    gui_draw_rectangle                       0x0800f44b   Thumb Code    76  gui.o(.text)
    gui_draw_expoint                         0x0800f497   Thumb Code    64  gui.o(.text)
    gui_draw_circle8                         0x0800f4d7   Thumb Code   264  gui.o(.text)
    gui_draw_arc                             0x0800f5df   Thumb Code   186  gui.o(.text)
    gui_fill_rectangle                       0x0800f699   Thumb Code    56  gui.o(.text)
    gui_draw_arcrectangle                    0x0800f6d1   Thumb Code   734  gui.o(.text)
    gui_draw_icos                            0x0800f9af   Thumb Code    98  gui.o(.text)
    gui_draw_icosalpha                       0x0800fa11   Thumb Code   126  gui.o(.text)
    gui_fill_circle                          0x0800fa8f   Thumb Code   198  gui.o(.text)
    gui_draw_ellipse                         0x0800fb55   Thumb Code   346  gui.o(.text)
    gui_fill_ellipse                         0x0800fcaf   Thumb Code   178  gui.o(.text)
    gui_show_ptfont                          0x0800fd61   Thumb Code   390  gui.o(.text)
    gui_show_ptchar                          0x0800fee7   Thumb Code   412  gui.o(.text)
    gui_show_ptstr                           0x08010083   Thumb Code   354  gui.o(.text)
    gui_show_strmid                          0x080101e5   Thumb Code   152  gui.o(.text)
    gui_show_num                             0x0801027d   Thumb Code   274  gui.o(.text)
    gui_num2str                              0x0801038f   Thumb Code   128  gui.o(.text)
    gui_show_ptstrwhiterim                   0x0801040f   Thumb Code    76  gui.o(.text)
    gui_path_name                            0x0801045b   Thumb Code    42  gui.o(.text)
    gui_get_stringline                       0x08010485   Thumb Code   110  gui.o(.text)
    gui_show_string                          0x080104f3   Thumb Code   248  gui.o(.text)
    gui_string_forwardgbk_count              0x080105eb   Thumb Code    28  gui.o(.text)
    gui_memset                               0x08010607   Thumb Code    20  gui.o(.text)
    gui_memex_malloc                         0x0801061b   Thumb Code    14  gui.o(.text)
    gui_memex_free                           0x08010629   Thumb Code    14  gui.o(.text)
    gui_memin_realloc                        0x08010637   Thumb Code    18  gui.o(.text)
    window_read_backcolor                    0x08010655   Thumb Code    72  window.o(.text)
    window_recover_backcolor                 0x0801069d   Thumb Code    72  window.o(.text)
    window_delete                            0x080106e5   Thumb Code    42  window.o(.text)
    window_creat                             0x0801070f   Thumb Code   338  window.o(.text)
    window_draw                              0x08010861   Thumb Code   546  window.o(.text)
    window_msg_box                           0x08010a83   Thumb Code   744  window.o(.text)
    win_test                                 0x08010d6b   Thumb Code    76  window.o(.text)
    __use_no_semihosting                     0x08010dcd   Thumb Code     2  use_no_semi_2.o(.text)
    __aeabi_ldivmod                          0x08010dcf   Thumb Code     0  llsdiv.o(.text)
    _ll_sdiv                                 0x08010dcf   Thumb Code    72  llsdiv.o(.text)
    __2printf                                0x08010e19   Thumb Code    24  noretval__2printf.o(.text)
    __2sprintf                               0x08010e39   Thumb Code    34  noretval__2sprintf.o(.text)
    _printf_pre_padding                      0x08010e61   Thumb Code    42  _printf_pad.o(.text)
    _printf_post_padding                     0x08010e8b   Thumb Code    34  _printf_pad.o(.text)
    _printf_str                              0x08010ead   Thumb Code    82  _printf_str.o(.text)
    _printf_int_dec                          0x08010f01   Thumb Code    96  _printf_dec.o(.text)
    _printf_int_hex                          0x08010f71   Thumb Code    86  _printf_hex_int.o(.text)
    _printf_longlong_hex                     0x08010f71   Thumb Code     0  _printf_hex_int.o(.text)
    __printf                                 0x08010fcd   Thumb Code   324  __printf_flags_wp.o(.text)
    strcat                                   0x08011115   Thumb Code    24  strcat.o(.text)
    strcpy                                   0x0801112d   Thumb Code    74  strcpy.o(.text)
    strlen                                   0x08011177   Thumb Code    62  strlen.o(.text)
    strcmp                                   0x080111b5   Thumb Code   128  strcmpv7m.o(.text)
    __use_two_region_memory                  0x08011235   Thumb Code     2  heapauxi.o(.text)
    __rt_heap_escrow$2region                 0x08011237   Thumb Code     2  heapauxi.o(.text)
    __rt_heap_expand$2region                 0x08011239   Thumb Code     2  heapauxi.o(.text)
    __I$use$semihosting                      0x0801123b   Thumb Code     0  use_no_semi.o(.text)
    __use_no_semihosting_swi                 0x0801123b   Thumb Code     2  use_no_semi.o(.text)
    __aeabi_uldivmod                         0x0801123d   Thumb Code     0  lludivv7m.o(.text)
    _ll_udiv                                 0x0801123d   Thumb Code   238  lludivv7m.o(.text)
    __read_errno                             0x0801132b   Thumb Code    10  _rserrno.o(.text)
    __set_errno                              0x08011335   Thumb Code    12  _rserrno.o(.text)
    _printf_int_common                       0x08011341   Thumb Code   174  _printf_intcommon.o(.text)
    _printf_char_common                      0x080113fb   Thumb Code    34  _printf_char_common.o(.text)
    _sputc                                   0x08011421   Thumb Code    10  _sputc.o(.text)
    _printf_cs_common                        0x0801142b   Thumb Code    20  _printf_char.o(.text)
    _printf_char                             0x0801143f   Thumb Code    16  _printf_char.o(.text)
    _printf_string                           0x0801144f   Thumb Code     8  _printf_char.o(.text)
    __rt_udiv10                              0x08011457   Thumb Code    16  rtudiv10.o(.text)
    __aeabi_errno_addr                       0x08011469   Thumb Code    12  rt_errno_addr_intlibspace.o(.text)
    __errno$intlibspace                      0x08011469   Thumb Code     0  rt_errno_addr_intlibspace.o(.text)
    __rt_errno_addr$intlibspace              0x08011469   Thumb Code     0  rt_errno_addr_intlibspace.o(.text)
    __user_libspace                          0x08011475   Thumb Code     8  libspace.o(.text)
    __user_perproc_libspace                  0x08011475   Thumb Code     0  libspace.o(.text)
    __user_perthread_libspace                0x08011475   Thumb Code     0  libspace.o(.text)
    __user_setup_stackheap                   0x0801147d   Thumb Code    74  sys_stackheap_outer.o(.text)
    exit                                     0x080114c7   Thumb Code    12  exit.o(.text)
    sqrt                                     0x080114d5   Thumb Code    62  sqrt.o(i.sqrt)
    __fpl_dcheck_NaN2                        0x08011529   Thumb Code    10  dcheck.o(x$fpl$dcheck)
    __fpl_dcheck_NaN1                        0x08011539   Thumb Code    10  dcheck1.o(x$fpl$dcheck1)
    __fpl_dcmp_InfNaN                        0x08011549   Thumb Code   120  dcmpin.o(x$fpl$dcmpinfnan)
    __fpl_inf_dcmp                           0x0801156b   Thumb Code     0  dcmpin.o(x$fpl$dcmpinfnan)
    __fpl_fcmp_InfNaN                        0x080115c1   Thumb Code    88  fcmpin.o(x$fpl$dcmpinfnan)
    __fpl_inf_fcmp                           0x080115d5   Thumb Code     0  fcmpin.o(x$fpl$dcmpinfnan)
    __aeabi_d2uiz                            0x08011619   Thumb Code     0  dfixu.o(x$fpl$dfixu)
    _dfixu                                   0x08011619   Thumb Code   110  dfixu.o(x$fpl$dfixu)
    __fpl_inf_dfixu                          0x08011681   Thumb Code     0  dfixu.o(x$fpl$dfixu)
    __aeabi_i2d                              0x0801168d   Thumb Code     0  dflt_clz.o(x$fpl$dflt)
    _dflt                                    0x0801168d   Thumb Code    44  dflt_clz.o(x$fpl$dflt)
    __dflt_normalise                         0x0801169b   Thumb Code     0  dflt_clz.o(x$fpl$dflt)
    __aeabi_ui2d                             0x080116b9   Thumb Code     0  dflt_clz.o(x$fpl$dfltu)
    _dfltu                                   0x080116b9   Thumb Code    10  dflt_clz.o(x$fpl$dfltu)
    __aeabi_cdcmple                          0x080116c5   Thumb Code     0  dleqf.o(x$fpl$dleqf)
    _dcmple                                  0x080116c5   Thumb Code   106  dleqf.o(x$fpl$dleqf)
    __aeabi_cdrcmple                         0x08011735   Thumb Code     0  drleqf.o(x$fpl$drleqf)
    _drcmple                                 0x08011735   Thumb Code   130  drleqf.o(x$fpl$drleqf)
    _dsqrt                                   0x080117bd   Thumb Code   316  dsqrt.o(x$fpl$dsqrt)
    __fpl_inf_dsqrt                          0x080118e5   Thumb Code     0  dsqrt.o(x$fpl$dsqrt)
    __aeabi_f2d                              0x08011901   Thumb Code     0  f2d.o(x$fpl$f2d)
    _f2d                                     0x08011901   Thumb Code    76  f2d.o(x$fpl$f2d)
    __fpl_inf_f2d                            0x08011945   Thumb Code     0  f2d.o(x$fpl$f2d)
    __aeabi_fadd                             0x08011951   Thumb Code     0  faddsub_clz.o(x$fpl$fadd)
    _fadd                                    0x08011951   Thumb Code   248  faddsub_clz.o(x$fpl$fadd)
    __fpl_inf_fadd                           0x08011a2b   Thumb Code     0  faddsub_clz.o(x$fpl$fadd)
    __fpl_fcheck_NaN2                        0x08011a51   Thumb Code     6  fcheck.o(x$fpl$fcheck)
    __fpl_fcheck_NaN1                        0x08011a5d   Thumb Code     6  fcheck1.o(x$fpl$fcheck1)
    __aeabi_fdiv                             0x08011a69   Thumb Code     0  fdiv.o(x$fpl$fdiv)
    _fdiv                                    0x08011a69   Thumb Code   476  fdiv.o(x$fpl$fdiv)
    __fpl_inf_fdiv                           0x08011c0d   Thumb Code     0  fdiv.o(x$fpl$fdiv)
    __aeabi_cfcmpeq                          0x08011c4d   Thumb Code     0  feqf.o(x$fpl$feqf)
    _fcmpeq                                  0x08011c4d   Thumb Code    90  feqf.o(x$fpl$feqf)
    __aeabi_f2iz                             0x08011cad   Thumb Code     0  ffix.o(x$fpl$ffix)
    _ffix                                    0x08011cad   Thumb Code   108  ffix.o(x$fpl$ffix)
    __fpl_inf_ffix                           0x08011d0f   Thumb Code     0  ffix.o(x$fpl$ffix)
    __aeabi_f2uiz                            0x08011d1d   Thumb Code     0  ffixu.o(x$fpl$ffixu)
    _ffixu                                   0x08011d1d   Thumb Code    82  ffixu.o(x$fpl$ffixu)
    __fpl_inf_ffixu                          0x08011d69   Thumb Code     0  ffixu.o(x$fpl$ffixu)
    __aeabi_i2f                              0x08011d75   Thumb Code     0  fflt_clz.o(x$fpl$fflt)
    _fflt                                    0x08011d75   Thumb Code    50  fflt_clz.o(x$fpl$fflt)
    __fflt_normalise                         0x08011d81   Thumb Code     0  fflt_clz.o(x$fpl$fflt)
    __aeabi_ui2f                             0x08011da7   Thumb Code     0  fflt_clz.o(x$fpl$ffltu)
    _ffltu                                   0x08011da7   Thumb Code     8  fflt_clz.o(x$fpl$ffltu)
    __aeabi_cfcmple                          0x08011db1   Thumb Code     0  fleqf.o(x$fpl$fleqf)
    _fcmple                                  0x08011db1   Thumb Code    90  fleqf.o(x$fpl$fleqf)
    __aeabi_fmul                             0x08011e11   Thumb Code     0  fmul.o(x$fpl$fmul)
    _fmul                                    0x08011e11   Thumb Code   258  fmul.o(x$fpl$fmul)
    __fpl_inf_fmul                           0x08011efd   Thumb Code     0  fmul.o(x$fpl$fmul)
    __fpl_normalise2                         0x08011f19   Thumb Code    74  fnorm2_clz.o(x$fpl$fnorm2)
    __aeabi_cfrcmple                         0x08011f65   Thumb Code     0  frleqf.o(x$fpl$frleqf)
    _frcmple                                 0x08011f65   Thumb Code   102  frleqf.o(x$fpl$frleqf)
    __aeabi_frsub                            0x08011fd1   Thumb Code     0  faddsub_clz.o(x$fpl$frsb)
    _frsb                                    0x08011fd1   Thumb Code    20  faddsub_clz.o(x$fpl$frsb)
    __aeabi_fsub                             0x08011fe5   Thumb Code     0  faddsub_clz.o(x$fpl$fsub)
    _fsub                                    0x08011fe5   Thumb Code   282  faddsub_clz.o(x$fpl$fsub)
    __fpl_inf_fsub                           0x080120df   Thumb Code     0  faddsub_clz.o(x$fpl$fsub)
    __funder                                 0x08012109   Thumb Code   132  funder.o(x$fpl$funder)
    __funder_d                               0x0801218d   Thumb Code     2  funder.o(x$fpl$funder)
    __fpl_return_NaN                         0x0801218f   Thumb Code   100  retnan.o(x$fpl$retnan)
    __fpl_cmpreturn                          0x080121f3   Thumb Code    48  trapv.o(x$fpl$trapveneer)
    __I$use$fp                               0x08012223   Thumb Code     0  usenofp.o(x$fpl$usenofp)
    asc2_1206                                0x08012222   Data        1140  lcd.o(.constdata)
    asc2_1608                                0x08012696   Data        1520  lcd.o(.constdata)
    memtblsize                               0x08012c88   Data           8  malloc.o(.constdata)
    memblksize                               0x08012c90   Data           8  malloc.o(.constdata)
    memsize                                  0x08012c98   Data           8  malloc.o(.constdata)
    bitrate                                  0x08012ca0   Data          64  vs10xx.o(.constdata)
    _aMaskTbl                                0x080130da   Data          32  gif.o(.constdata)
    _aInterlaceOffset                        0x080130fa   Data           4  gif.o(.constdata)
    _aInterlaceYPos                          0x080130fe   Data           4  gif.o(.constdata)
    Zig_Zag                                  0x08013104   Data         256  jpeg.o(.constdata)
    And                                      0x08013204   Data           9  jpeg.o(.constdata)
    icostbl                                  0x0801320d   Data        2304  gui.o(.constdata)
    pathico                                  0x08013b0d   Data        2048  gui.o(.constdata)
    Region$$Table$$Base                      0x080145e8   Number         0  anon$$obj.o(Region$$Table)
    Region$$Table$$Limit                     0x08014608   Number         0  anon$$obj.o(Region$$Table)
    __stdout                                 0x20000004   Data           4  usart.o(.data)
    SystemCoreClock                          0x20000008   Data           4  system_stm32f10x.o(.data)
    AHBPrescTable                            0x2000000c   Data          16  system_stm32f10x.o(.data)
    ID1                                      0x2000001c   Data           2  main.o(.data)
    POINT_COLOR                              0x20000032   Data           2  lcd.o(.data)
    BACK_COLOR                               0x20000034   Data           2  lcd.o(.data)
    SPI_FLASH_TYPE                           0x20000036   Data           2  flash.o(.data)
    mallco_dev                               0x20000038   Data          28  malloc.o(.data)
    TransferError                            0x20000068   Data           1  sdcard.o(.data)
    TransferEnd                              0x2000006c   Data           4  sdcard.o(.data)
    NumberOfBytes                            0x20000070   Data           4  sdcard.o(.data)
    SrcBuffer                                0x20000074   Data           4  sdcard.o(.data)
    DestBuffer                               0x20000078   Data           4  sdcard.o(.data)
    mystring                                 0x2000007c   Data         512  sd_fs_app.o(.data)
    mya                                      0x2000027c   Data           4  sd_fs_app.o(.data)
    mypath                                   0x20000280   Data         512  sd_fs_app.o(.data)
    myres                                    0x20000480   Data           1  sd_fs_app.o(.data)
    mybr                                     0x20000484   Data           4  sd_fs_app.o(.data)
    mybw                                     0x20000488   Data           4  sd_fs_app.o(.data)
    vsset                                    0x2000048c   Data           7  vs10xx.o(.data)
    FONTINFOADDR                             0x20000494   Data           4  fontupd.o(.data)
    GBK16_SDPATH                             0x20000498   Data           4  fontupd.o(.data)
    GBK12_SDPATH                             0x2000049c   Data           4  fontupd.o(.data)
    UNIGBK_SDPATH                            0x200004a0   Data           4  fontupd.o(.data)
    GBK16_25QPATH                            0x200004a4   Data           4  fontupd.o(.data)
    GBK12_25QPATH                            0x200004a8   Data           4  fontupd.o(.data)
    UNIGBK_25QPATH                           0x200004ac   Data           4  fontupd.o(.data)
    tp_dev                                   0x200004b0   Data          40  touch.o(.data)
    CMD_RDX                                  0x200004d8   Data           1  touch.o(.data)
    CMD_RDY                                  0x200004d9   Data           1  touch.o(.data)
    TP_REMIND_MSG_TBL                        0x200004dc   Data           4  touch.o(.data)
    icos_path                                0x200004e0   Data          48  myui.o(.data)
    GUI_TBL                                  0x20000510   Data          12  myui.o(.data)
    EEPROM_ADDRESS                           0x2000051c   Data           2  i2cee.o(.data)
    FILE_TYPE_TBL                            0x2000052c   Data         312  exfuns.o(.data)
    fs                                       0x20000664   Data           8  exfuns.o(.data)
    file                                     0x2000066c   Data           4  exfuns.o(.data)
    ftemp                                    0x20000670   Data           4  exfuns.o(.data)
    br                                       0x20000674   Data           4  exfuns.o(.data)
    bw                                       0x20000678   Data           4  exfuns.o(.data)
    fatbuf                                   0x2000067c   Data           4  exfuns.o(.data)
    gifdecoding                              0x20000680   Data           1  gif.o(.data)
    interval                                 0x20000684   Data           2  jpeg.o(.data)
    SampRate_Y_H                             0x20000686   Data           2  jpeg.o(.data)
    SampRate_Y_V                             0x20000688   Data           2  jpeg.o(.data)
    SampRate_U_H                             0x2000068a   Data           2  jpeg.o(.data)
    SampRate_U_V                             0x2000068c   Data           2  jpeg.o(.data)
    SampRate_V_H                             0x2000068e   Data           2  jpeg.o(.data)
    SampRate_V_V                             0x20000690   Data           2  jpeg.o(.data)
    H_YtoU                                   0x20000692   Data           2  jpeg.o(.data)
    V_YtoU                                   0x20000694   Data           2  jpeg.o(.data)
    H_YtoV                                   0x20000696   Data           2  jpeg.o(.data)
    V_YtoV                                   0x20000698   Data           2  jpeg.o(.data)
    Y_in_MCU                                 0x2000069a   Data           2  jpeg.o(.data)
    U_in_MCU                                 0x2000069c   Data           2  jpeg.o(.data)
    V_in_MCU                                 0x2000069e   Data           2  jpeg.o(.data)
    BitPos                                   0x200006a0   Data           2  jpeg.o(.data)
    Curu8                                    0x200006a2   Data           2  jpeg.o(.data)
    rrun                                     0x200006a4   Data           2  jpeg.o(.data)
    vvalue                                   0x200006a6   Data           2  jpeg.o(.data)
    comp_num                                 0x200006a8   Data           2  jpeg.o(.data)
    restart                                  0x200006aa   Data           2  jpeg.o(.data)
    ycoef                                    0x200006ac   Data           2  jpeg.o(.data)
    ucoef                                    0x200006ae   Data           2  jpeg.o(.data)
    vcoef                                    0x200006b0   Data           2  jpeg.o(.data)
    YQtTable                                 0x200006b4   Data           4  jpeg.o(.data)
    UQtTable                                 0x200006b8   Data           4  jpeg.o(.data)
    VQtTable                                 0x200006bc   Data           4  jpeg.o(.data)
    sizei                                    0x200006c0   Data           4  jpeg.o(.data)
    sizej                                    0x200006c4   Data           4  jpeg.o(.data)
    comp_index                               0x200006c8   Data           3  jpeg.o(.data)
    YDcIndex                                 0x200006cb   Data           1  jpeg.o(.data)
    YAcIndex                                 0x200006cc   Data           1  jpeg.o(.data)
    UVDcIndex                                0x200006cd   Data           1  jpeg.o(.data)
    UVAcIndex                                0x200006ce   Data           1  jpeg.o(.data)
    HufTabIndex                              0x200006cf   Data           1  jpeg.o(.data)
    lp                                       0x200006d0   Data           4  jpeg.o(.data)
    IntervalFlag                             0x200006d4   Data           1  jpeg.o(.data)
    iclp                                     0x200006d8   Data           4  jpeg.o(.data)
    f_jpeg                                   0x200006dc   Data           4  jpeg.o(.data)
    MCUBuffer                                0x200006e0   Data           4  jpeg.o(.data)
    QtZzMCUBuffer                            0x200006e4   Data           4  jpeg.o(.data)
    BlockBuffer                              0x200006e8   Data           4  jpeg.o(.data)
    Y                                        0x200006ec   Data           4  jpeg.o(.data)
    U                                        0x200006f0   Data           4  jpeg.o(.data)
    V                                        0x200006f4   Data           4  jpeg.o(.data)
    iclip                                    0x200006f8   Data           4  jpeg.o(.data)
    jpg_buffer                               0x200006fc   Data           4  jpeg.o(.data)
    GUI_OK_CAPTION_TBL                       0x20000700   Data          12  gui.o(.data)
    GUI_OPTION_CAPTION_TBL                   0x2000070c   Data          12  gui.o(.data)
    GUI_BACK_CAPTION_TBL                     0x20000718   Data          12  gui.o(.data)
    GUI_CANCEL_CAPTION_TBL                   0x20000724   Data          12  gui.o(.data)
    GUI_QUIT_CAPTION_TBL                     0x20000730   Data          12  gui.o(.data)
    in_obj                                   0x2000073c   Data          14  gui.o(.data)
    SDCardInfo                               0x2000074c   Data          80  main.o(.bss)
    datatemp                                 0x2000079c   Data          22  main.o(.bss)
    I2c_Buf_Write                            0x200007b2   Data         256  main.o(.bss)
    I2c_Buf_Read                             0x200008b2   Data         256  main.o(.bss)
    lcddev                                   0x200009b2   Data          10  lcd.o(.bss)
    mem1base                                 0x200009bc   Data       40960  malloc.o(.bss)
    mem1mapbase                              0x2000a9bc   Data        2560  malloc.o(.bss)
    SDIO_InitStructure                       0x2000b3dc   Data          24  sdcard.o(.bss)
    SDIO_CmdInitStructure                    0x2000b3f4   Data          20  sdcard.o(.bss)
    SDIO_DataInitStructure                   0x2000b408   Data          24  sdcard.o(.bss)
    myfs                                     0x2000b420   Data        1120  sd_fs_app.o(.bss)
    myfsrc                                   0x2000b880   Data         552  sd_fs_app.o(.bss)
    myfdst                                   0x2000baa8   Data         552  sd_fs_app.o(.bss)
    mybuffer                                 0x2000bcd0   Data         512  sd_fs_app.o(.bss)
    my_latest_buffer                         0x2000bed0   Data         512  sd_fs_app.o(.bss)
    ftinfo                                   0x2000c0d0   Data          25  fontupd.o(.bss)
    qt_table                                 0x2000c0ec   Data          12  jpeg.o(.bss)
    code_pos_table                           0x2000c0f8   Data          16  jpeg.o(.bss)
    code_len_table                           0x2000c108   Data          16  jpeg.o(.bss)
    huf_max_value                            0x2000c118   Data          16  jpeg.o(.bss)
    huf_min_value                            0x2000c128   Data          16  jpeg.o(.bss)
    code_value_table                         0x2000c138   Data          16  jpeg.o(.bss)
    picinfo                                  0x2000c148   Data          36  piclib.o(.bss)
    pic_phy                                  0x2000c16c   Data          16  piclib.o(.bss)
    gui_phy                                  0x2000c17c   Data          19  gui.o(.bss)
    __libspace_start                         0x2000c190   Data          96  libspace.o(.bss)
    __temporary_stack_top$libspace           0x2000c1f0   Data           0  libspace.o(.bss)
    mem2base                                 0x68000000   Data       204800  malloc.o(.ARM.__AT_0x68000000)
    mem2mapbase                              0x68032000   Data       12800  malloc.o(.ARM.__AT_0x68032000)



==============================================================================

Memory Map of the image

  Image Entry point : 0x08000131

  Load Region LR_IROM1 (Base: 0x08000000, Size: 0x00014d54, Max: 0x00080000, ABSOLUTE, COMPRESSED[0x0001474c])

    Execution Region ER_IROM1 (Base: 0x08000000, Size: 0x00014608, Max: 0x00080000, ABSOLUTE)

    Base Addr    Size         Type   Attr      Idx    E Section Name        Object

    0x08000000   0x00000130   Data   RO            3    RESET               startup_stm32f10x_hd.o
    0x08000130   0x00000008   Code   RO         1347  * !!!main             __main.o(c_w.l)
    0x08000138   0x00000034   Code   RO         1611    !!!scatter          __scatter.o(c_w.l)
    0x0800016c   0x0000005a   Code   RO         1609    !!dczerorl2         __dczerorl2.o(c_w.l)
    0x080001c6   0x00000002   PAD
    0x080001c8   0x0000001c   Code   RO         1613    !!handler_zi        __scatter_zi.o(c_w.l)
    0x080001e4   0x00000000   Code   RO         1334    .ARM.Collect$$_printf_percent$$00000000  _printf_percent.o(c_w.l)
    0x080001e4   0x00000006   Code   RO         1333    .ARM.Collect$$_printf_percent$$00000009  _printf_d.o(c_w.l)
    0x080001ea   0x00000006   Code   RO         1332    .ARM.Collect$$_printf_percent$$0000000C  _printf_x.o(c_w.l)
    0x080001f0   0x00000006   Code   RO         1331    .ARM.Collect$$_printf_percent$$00000014  _printf_s.o(c_w.l)
    0x080001f6   0x00000004   Code   RO         1413    .ARM.Collect$$_printf_percent$$00000017  _printf_percent_end.o(c_w.l)
    0x080001fa   0x00000006   Code   RO         1487    .ARM.Collect$$libinit$$00000000  libinit.o(c_w.l)
    0x08000200   0x00000000   Code   RO         1496    .ARM.Collect$$libinit$$00000006  libinit2.o(c_w.l)
    0x08000200   0x00000000   Code   RO         1498    .ARM.Collect$$libinit$$00000008  libinit2.o(c_w.l)
    0x08000200   0x00000000   Code   RO         1500    .ARM.Collect$$libinit$$0000000A  libinit2.o(c_w.l)
    0x08000200   0x00000000   Code   RO         1503    .ARM.Collect$$libinit$$0000000D  libinit2.o(c_w.l)
    0x08000200   0x00000000   Code   RO         1505    .ARM.Collect$$libinit$$0000000F  libinit2.o(c_w.l)
    0x08000200   0x00000000   Code   RO         1507    .ARM.Collect$$libinit$$00000011  libinit2.o(c_w.l)
    0x08000200   0x00000000   Code   RO         1509    .ARM.Collect$$libinit$$00000013  libinit2.o(c_w.l)
    0x08000200   0x00000000   Code   RO         1511    .ARM.Collect$$libinit$$00000015  libinit2.o(c_w.l)
    0x08000200   0x00000000   Code   RO         1513    .ARM.Collect$$libinit$$00000017  libinit2.o(c_w.l)
    0x08000200   0x00000000   Code   RO         1515    .ARM.Collect$$libinit$$00000019  libinit2.o(c_w.l)
    0x08000200   0x00000000   Code   RO         1517    .ARM.Collect$$libinit$$0000001B  libinit2.o(c_w.l)
    0x08000200   0x00000000   Code   RO         1519    .ARM.Collect$$libinit$$0000001D  libinit2.o(c_w.l)
    0x08000200   0x00000000   Code   RO         1521    .ARM.Collect$$libinit$$0000001F  libinit2.o(c_w.l)
    0x08000200   0x00000000   Code   RO         1523    .ARM.Collect$$libinit$$00000021  libinit2.o(c_w.l)
    0x08000200   0x00000000   Code   RO         1527    .ARM.Collect$$libinit$$00000028  libinit2.o(c_w.l)
    0x08000200   0x00000000   Code   RO         1529    .ARM.Collect$$libinit$$0000002A  libinit2.o(c_w.l)
    0x08000200   0x00000000   Code   RO         1531    .ARM.Collect$$libinit$$0000002C  libinit2.o(c_w.l)
    0x08000200   0x00000000   Code   RO         1533    .ARM.Collect$$libinit$$0000002E  libinit2.o(c_w.l)
    0x08000200   0x00000002   Code   RO         1534    .ARM.Collect$$libinit$$0000002F  libinit2.o(c_w.l)
    0x08000202   0x00000002   Code   RO         1563    .ARM.Collect$$libshutdown$$00000000  libshutdown.o(c_w.l)
    0x08000204   0x00000000   Code   RO         1578    .ARM.Collect$$libshutdown$$00000003  libshutdown2.o(c_w.l)
    0x08000204   0x00000000   Code   RO         1581    .ARM.Collect$$libshutdown$$00000006  libshutdown2.o(c_w.l)
    0x08000204   0x00000000   Code   RO         1584    .ARM.Collect$$libshutdown$$00000009  libshutdown2.o(c_w.l)
    0x08000204   0x00000000   Code   RO         1586    .ARM.Collect$$libshutdown$$0000000B  libshutdown2.o(c_w.l)
    0x08000204   0x00000000   Code   RO         1589    .ARM.Collect$$libshutdown$$0000000E  libshutdown2.o(c_w.l)
    0x08000204   0x00000002   Code   RO         1590    .ARM.Collect$$libshutdown$$0000000F  libshutdown2.o(c_w.l)
    0x08000206   0x00000000   Code   RO         1399    .ARM.Collect$$rtentry$$00000000  rtentry.o(c_w.l)
    0x08000206   0x00000000   Code   RO         1438    .ARM.Collect$$rtentry$$00000002  rtentry2.o(c_w.l)
    0x08000206   0x00000006   Code   RO         1453    .ARM.Collect$$rtentry$$00000004  rtentry4.o(c_w.l)
    0x0800020c   0x00000000   Code   RO         1440    .ARM.Collect$$rtentry$$00000009  rtentry2.o(c_w.l)
    0x0800020c   0x00000004   Code   RO         1441    .ARM.Collect$$rtentry$$0000000A  rtentry2.o(c_w.l)
    0x08000210   0x00000000   Code   RO         1443    .ARM.Collect$$rtentry$$0000000C  rtentry2.o(c_w.l)
    0x08000210   0x00000008   Code   RO         1444    .ARM.Collect$$rtentry$$0000000D  rtentry2.o(c_w.l)
    0x08000218   0x00000000   Code   RO         1488    .ARM.Collect$$rtexit$$00000000  rtexit.o(c_w.l)
    0x08000218   0x00000000   Code   RO         1538    .ARM.Collect$$rtexit$$00000002  rtexit2.o(c_w.l)
    0x08000218   0x00000004   Code   RO         1539    .ARM.Collect$$rtexit$$00000003  rtexit2.o(c_w.l)
    0x0800021c   0x00000004   Code   RO         1540    .ARM.Collect$$rtexit$$00000004  rtexit2.o(c_w.l)
    0x08000220   0x00000040   Code   RO            4    .text               startup_stm32f10x_hd.o
    0x08000260   0x0000009c   Code   RO           10    .text               delay.o
    0x080002fc   0x000000ec   Code   RO          114    .text               usart.o
    0x080003e8   0x000001c8   Code   RO          147    .text               system_stm32f10x.o
    0x080005b0   0x00000098   Code   RO          184    .text               stm32f10x_it.o
    0x08000648   0x0000044c   Code   RO          210    .text               main.o
    0x08000a94   0x000000e0   Code   RO          318    .text               misc.o
    0x08000b74   0x0000025c   Code   RO          414    .text               stm32f10x_dma.o
    0x08000dd0   0x00000608   Code   RO          450    .text               stm32f10x_fsmc.o
    0x080013d8   0x00000348   Code   RO          462    .text               stm32f10x_gpio.o
    0x08001720   0x000003f8   Code   RO          474    .text               stm32f10x_i2c.o
    0x08001b18   0x00000390   Code   RO          510    .text               stm32f10x_rcc.o
    0x08001ea8   0x000001cc   Code   RO          536    .text               stm32f10x_sdio.o
    0x08002074   0x0000030c   Code   RO          548    .text               stm32f10x_spi.o
    0x08002380   0x000009b8   Code   RO          596    .text               lcd.o
    0x08002d38   0x00000200   Code   RO          626    .text               spi.o
    0x08002f38   0x00000350   Code   RO          641    .text               flash.o
    0x08003288   0x0000022c   Code   RO          659    .text               malloc.o
    0x080034b4   0x00000068   Code   RO          681    .text               led.o
    0x0800351c   0x000021b4   Code   RO          696    .text               sdcard.o
    0x080056d0   0x000002fc   Code   RO          715    .text               sd_fs_app.o
    0x080059cc   0x000007a8   Code   RO          737    .text               vs10xx.o
    0x08006174   0x000002f0   Code   RO          756    .text               text.o
    0x08006464   0x00000444   Code   RO          782    .text               fontupd.o
    0x080068a8   0x00000d24   Code   RO          802    .text               touch.o
    0x080075cc   0x000000e8   Code   RO          826    .text               myui.o
    0x080076b4   0x000003e8   Code   RO          876    .text               i2cee.o
    0x08007a9c   0x000031aa   Code   RO          894    .text               ff.o
    0x0800ac46   0x00000002   PAD
    0x0800ac48   0x000001a4   Code   RO          924    .text               exfuns.o
    0x0800adec   0x000000d8   Code   RO          947    .text               mycc936.o
    0x0800aec4   0x000000d6   Code   RO          960    .text               diskio.o
    0x0800af9a   0x00000002   PAD
    0x0800af9c   0x000008dc   Code   RO         1025    .text               bmp.o
    0x0800b878   0x00000f24   Code   RO         1051    .text               gif.o
    0x0800c79c   0x00001d20   Code   RO         1070    .text               jpeg.o
    0x0800e4bc   0x0000028c   Code   RO         1087    .text               piclib.o
    0x0800e748   0x000007f8   Code   RO         1105    .text               button.o
    0x0800ef40   0x00001714   Code   RO         1161    .text               gui.o
    0x08010654   0x00000778   Code   RO         1253    .text               window.o
    0x08010dcc   0x00000002   Code   RO         1271    .text               use_no_semi_2.o(c_w.l)
    0x08010dce   0x00000048   Code   RO         1273    .text               llsdiv.o(c_w.l)
    0x08010e16   0x00000002   PAD
    0x08010e18   0x00000020   Code   RO         1279    .text               noretval__2printf.o(c_w.l)
    0x08010e38   0x00000028   Code   RO         1281    .text               noretval__2sprintf.o(c_w.l)
    0x08010e60   0x0000004c   Code   RO         1285    .text               _printf_pad.o(c_w.l)
    0x08010eac   0x00000052   Code   RO         1287    .text               _printf_str.o(c_w.l)
    0x08010efe   0x00000002   PAD
    0x08010f00   0x00000070   Code   RO         1289    .text               _printf_dec.o(c_w.l)
    0x08010f70   0x0000005c   Code   RO         1294    .text               _printf_hex_int.o(c_w.l)
    0x08010fcc   0x00000148   Code   RO         1322    .text               __printf_flags_wp.o(c_w.l)
    0x08011114   0x00000018   Code   RO         1335    .text               strcat.o(c_w.l)
    0x0801112c   0x0000004a   Code   RO         1339    .text               strcpy.o(c_w.l)
    0x08011176   0x0000003e   Code   RO         1341    .text               strlen.o(c_w.l)
    0x080111b4   0x00000080   Code   RO         1343    .text               strcmpv7m.o(c_w.l)
    0x08011234   0x00000006   Code   RO         1345    .text               heapauxi.o(c_w.l)
    0x0801123a   0x00000002   Code   RO         1397    .text               use_no_semi.o(c_w.l)
    0x0801123c   0x000000ee   Code   RO         1401    .text               lludivv7m.o(c_w.l)
    0x0801132a   0x00000016   Code   RO         1403    .text               _rserrno.o(c_w.l)
    0x08011340   0x000000ae   Code   RO         1405    .text               _printf_intcommon.o(c_w.l)
    0x080113ee   0x00000002   PAD
    0x080113f0   0x00000030   Code   RO         1407    .text               _printf_char_common.o(c_w.l)
    0x08011420   0x0000000a   Code   RO         1409    .text               _sputc.o(c_w.l)
    0x0801142a   0x0000002c   Code   RO         1411    .text               _printf_char.o(c_w.l)
    0x08011456   0x00000010   Code   RO         1418    .text               rtudiv10.o(c_w.l)
    0x08011466   0x00000002   PAD
    0x08011468   0x0000000c   Code   RO         1462    .text               rt_errno_addr_intlibspace.o(c_w.l)
    0x08011474   0x00000008   Code   RO         1472    .text               libspace.o(c_w.l)
    0x0801147c   0x0000004a   Code   RO         1475    .text               sys_stackheap_outer.o(c_w.l)
    0x080114c6   0x0000000c   Code   RO         1479    .text               exit.o(c_w.l)
    0x080114d2   0x00000002   PAD
    0x080114d4   0x00000054   Code   RO         1394    i.sqrt              sqrt.o(m_ws.l)
    0x08011528   0x00000010   Code   RO         1466    x$fpl$dcheck        dcheck.o(fz_ws.l)
    0x08011538   0x00000010   Code   RO         1420    x$fpl$dcheck1       dcheck1.o(fz_ws.l)
    0x08011548   0x00000078   Code   RO         1422    x$fpl$dcmpinfnan    dcmpin.o(fz_ws.l)
    0x080115c0   0x00000058   Code   RO         1430    x$fpl$dcmpinfnan    fcmpin.o(fz_ws.l)
    0x08011618   0x00000074   Code   RO         1349    x$fpl$dfixu         dfixu.o(fz_ws.l)
    0x0801168c   0x0000002c   Code   RO         1354    x$fpl$dflt          dflt_clz.o(fz_ws.l)
    0x080116b8   0x0000000a   Code   RO         1353    x$fpl$dfltu         dflt_clz.o(fz_ws.l)
    0x080116c2   0x00000002   PAD
    0x080116c4   0x00000070   Code   RO         1357    x$fpl$dleqf         dleqf.o(fz_ws.l)
    0x08011734   0x00000088   Code   RO         1359    x$fpl$drleqf        drleqf.o(fz_ws.l)
    0x080117bc   0x00000144   Code   RO         1424    x$fpl$dsqrt         dsqrt.o(fz_ws.l)
    0x08011900   0x00000050   Code   RO         1361    x$fpl$f2d           f2d.o(fz_ws.l)
    0x08011950   0x00000100   Code   RO         1363    x$fpl$fadd          faddsub_clz.o(fz_ws.l)
    0x08011a50   0x0000000c   Code   RO         1426    x$fpl$fcheck        fcheck.o(fz_ws.l)
    0x08011a5c   0x0000000c   Code   RO         1428    x$fpl$fcheck1       fcheck1.o(fz_ws.l)
    0x08011a68   0x000001e4   Code   RO         1370    x$fpl$fdiv          fdiv.o(fz_ws.l)
    0x08011c4c   0x00000060   Code   RO         1373    x$fpl$feqf          feqf.o(fz_ws.l)
    0x08011cac   0x00000070   Code   RO         1375    x$fpl$ffix          ffix.o(fz_ws.l)
    0x08011d1c   0x00000058   Code   RO         1379    x$fpl$ffixu         ffixu.o(fz_ws.l)
    0x08011d74   0x00000032   Code   RO         1384    x$fpl$fflt          fflt_clz.o(fz_ws.l)
    0x08011da6   0x00000008   Code   RO         1383    x$fpl$ffltu         fflt_clz.o(fz_ws.l)
    0x08011dae   0x00000002   PAD
    0x08011db0   0x00000060   Code   RO         1387    x$fpl$fleqf         fleqf.o(fz_ws.l)
    0x08011e10   0x00000108   Code   RO         1389    x$fpl$fmul          fmul.o(fz_ws.l)
    0x08011f18   0x0000004a   Code   RO         1432    x$fpl$fnorm2        fnorm2_clz.o(fz_ws.l)
    0x08011f62   0x00000002   PAD
    0x08011f64   0x0000006c   Code   RO         1391    x$fpl$frleqf        frleqf.o(fz_ws.l)
    0x08011fd0   0x00000014   Code   RO         1364    x$fpl$frsb          faddsub_clz.o(fz_ws.l)
    0x08011fe4   0x00000124   Code   RO         1365    x$fpl$fsub          faddsub_clz.o(fz_ws.l)
    0x08012108   0x00000086   Code   RO         1434    x$fpl$funder        funder.o(fz_ws.l)
    0x0801218e   0x00000064   Code   RO         1468    x$fpl$retnan        retnan.o(fz_ws.l)
    0x080121f2   0x00000030   Code   RO         1470    x$fpl$trapveneer    trapv.o(fz_ws.l)
    0x08012222   0x00000000   Code   RO         1436    x$fpl$usenofp       usenofp.o(fz_ws.l)
    0x08012222   0x00000a64   Data   RO          598    .constdata          lcd.o
    0x08012c86   0x00000002   PAD
    0x08012c88   0x00000018   Data   RO          663    .constdata          malloc.o
    0x08012ca0   0x00000040   Data   RO          738    .constdata          vs10xx.o
    0x08012ce0   0x0000003a   Data   RO          895    .constdata          ff.o
    0x08012d1a   0x000003c0   Data   RO          948    .constdata          mycc936.o
    0x080130da   0x00000028   Data   RO         1052    .constdata          gif.o
    0x08013102   0x00000002   PAD
    0x08013104   0x00000109   Data   RO         1072    .constdata          jpeg.o
    0x0801320d   0x00001100   Data   RO         1163    .constdata          gui.o
    0x0801430d   0x00000028   Data   RO         1295    .constdata          _printf_hex_int.o(c_w.l)
    0x08014335   0x00000011   Data   RO         1323    .constdata          __printf_flags_wp.o(c_w.l)
    0x08014346   0x00000098   Data   RO          784    .conststring        fontupd.o
    0x080143de   0x00000079   Data   RO          804    .conststring        touch.o
    0x08014457   0x0000010b   Data   RO          827    .conststring        myui.o
    0x08014562   0x00000054   Data   RO          926    .conststring        exfuns.o
    0x080145b6   0x00000032   Data   RO         1164    .conststring        gui.o
    0x080145e8   0x00000020   Data   RO         1607    Region$$Table       anon$$obj.o


    Execution Region RW_IRAM1 (Base: 0x20000000, Size: 0x0000cbf0, Max: 0x00010000, ABSOLUTE, COMPRESSED[0x00000144])

    Base Addr    Size         Type   Attr      Idx    E Section Name        Object

    0x20000000   0x00000004   Data   RW           11    .data               delay.o
    0x20000004   0x00000004   Data   RW          115    .data               usart.o
    0x20000008   0x00000014   Data   RW          148    .data               system_stm32f10x.o
    0x2000001c   0x00000002   Data   RW          213    .data               main.o
    0x2000001e   0x00000014   Data   RW          511    .data               stm32f10x_rcc.o
    0x20000032   0x00000004   Data   RW          599    .data               lcd.o
    0x20000036   0x00000002   Data   RW          642    .data               flash.o
    0x20000038   0x0000001c   Data   RW          664    .data               malloc.o
    0x20000054   0x00000028   Data   RW          698    .data               sdcard.o
    0x2000007c   0x00000410   Data   RW          717    .data               sd_fs_app.o
    0x2000048c   0x00000007   Data   RW          739    .data               vs10xx.o
    0x20000493   0x00000001   PAD
    0x20000494   0x0000001c   Data   RW          785    .data               fontupd.o
    0x200004b0   0x00000030   Data   RW          805    .data               touch.o
    0x200004e0   0x0000003c   Data   RW          828    .data               myui.o
    0x2000051c   0x00000002   Data   RW          877    .data               i2cee.o
    0x2000051e   0x00000002   PAD
    0x20000520   0x0000000a   Data   RW          896    .data               ff.o
    0x2000052a   0x00000002   PAD
    0x2000052c   0x00000154   Data   RW          927    .data               exfuns.o
    0x20000680   0x00000001   Data   RW         1053    .data               gif.o
    0x20000681   0x00000003   PAD
    0x20000684   0x0000007c   Data   RW         1073    .data               jpeg.o
    0x20000700   0x0000004a   Data   RW         1165    .data               gui.o
    0x2000074a   0x00000002   PAD
    0x2000074c   0x00000266   Zero   RW          211    .bss                main.o
    0x200009b2   0x0000000a   Zero   RW          597    .bss                lcd.o
    0x200009bc   0x0000aa00   Zero   RW          662    .bss                malloc.o
    0x2000b3bc   0x00000064   Zero   RW          697    .bss                sdcard.o
    0x2000b420   0x00000cb0   Zero   RW          716    .bss                sd_fs_app.o
    0x2000c0d0   0x00000019   Zero   RW          783    .bss                fontupd.o
    0x2000c0e9   0x00000003   PAD
    0x2000c0ec   0x0000005c   Zero   RW         1071    .bss                jpeg.o
    0x2000c148   0x00000034   Zero   RW         1088    .bss                piclib.o
    0x2000c17c   0x00000013   Zero   RW         1162    .bss                gui.o
    0x2000c18f   0x00000001   PAD
    0x2000c190   0x00000060   Zero   RW         1473    .bss                libspace.o(c_w.l)
    0x2000c1f0   0x00000200   Zero   RW            2    HEAP                startup_stm32f10x_hd.o
    0x2000c3f0   0x00000800   Zero   RW            1    STACK               startup_stm32f10x_hd.o



  Load Region LR$$.ARM.__AT_0x68000000 (Base: 0x68000000, Size: 0x00000000, Max: 0x00032000, ABSOLUTE)

    Execution Region ER$$.ARM.__AT_0x68000000 (Base: 0x68000000, Size: 0x00032000, Max: 0x00032000, ABSOLUTE, UNINIT)

    Base Addr    Size         Type   Attr      Idx    E Section Name        Object

    0x68000000   0x00032000   Zero   RW          660    .ARM.__AT_0x68000000  malloc.o



  Load Region LR$$.ARM.__AT_0x68032000 (Base: 0x68032000, Size: 0x00000000, Max: 0x00003200, ABSOLUTE)

    Execution Region ER$$.ARM.__AT_0x68032000 (Base: 0x68032000, Size: 0x00003200, Max: 0x00003200, ABSOLUTE, UNINIT)

    Base Addr    Size         Type   Attr      Idx    E Section Name        Object

    0x68032000   0x00003200   Zero   RW          661    .ARM.__AT_0x68032000  malloc.o


==============================================================================

Image component sizes


      Code (inc. data)   RO Data    RW Data    ZI Data      Debug   Object Name

      2268         22          0          0          0       5442   bmp.o
      2040         12          0          0          0       7372   button.o
       156          4          0          4          0     268491   delay.o
       214          0          0          0          0       2714   diskio.o
       420         22         84        340          0       2484   exfuns.o
     12714        114         58         10          0      33685   ff.o
       848         30          0          2          0       3271   flash.o
      1092        218        152         28         25       3588   fontupd.o
      3876         20         40          1          0       9594   gif.o
      5908         92       4402         74         19      21976   gui.o
      1000         30          0          2          0       3140   i2cee.o
      7456        664        265        124         92      11606   jpeg.o
      2488         62       2660          4         10      11338   lcd.o
       104         12          0          0          0        592   led.o
      1100        346          0          2        614       3839   main.o
       556         16         24         28     261120       4440   malloc.o
       224         20          0          0          0       1669   misc.o
       216         12        960          0          0       1501   mycc936.o
       232         16        267         60          0       3180   myui.o
       652         30          0          0         52       3576   piclib.o
       764         76          0       1040       3248       6088   sd_fs_app.o
      8628        304          0         40        100      23529   sdcard.o
       512         20          0          0          0       1800   spi.o
        64         26        304          0       2560        504   startup_stm32f10x_hd.o
       604          8          0          0          0       4234   stm32f10x_dma.o
      1544         20          0          0          0       5235   stm32f10x_fsmc.o
       840         38          0          0          0       5549   stm32f10x_gpio.o
      1016         16          0          0          0       9051   stm32f10x_i2c.o
       152        102          0          0          0       6550   stm32f10x_it.o
       912         32          0         20          0       8640   stm32f10x_rcc.o
       460         22          0          0          0       6904   stm32f10x_sdio.o
       780         14          0          0          0       6490   stm32f10x_spi.o
       456         36          0         20          0       1683   system_stm32f10x.o
       752         12          0          0          0       3064   text.o
      3364        186        121         48          0       6305   touch.o
       236         24          0          4          0       2642   usart.o
      1960         54         64          7          0       7789   vs10xx.o
      1912         30          0          0          0       5209   window.o

    ----------------------------------------------------------------------
     68524       2762       9437       1868     267844     514764   Object Totals
         0          0         32          0          0          0   (incl. Generated)
         4          0          4         10          4          0   (incl. Padding)

    ----------------------------------------------------------------------

      Code (inc. data)   RO Data    RW Data    ZI Data      Debug   Library Member Name

        90          0          0          0          0          0   __dczerorl2.o
         8          0          0          0          0         68   __main.o
       328          4         17          0          0         88   __printf_flags_wp.o
        52          8          0          0          0          0   __scatter.o
        28          0          0          0          0          0   __scatter_zi.o
        44          0          0          0          0        108   _printf_char.o
        48          4          0          0          0         96   _printf_char_common.o
         6          0          0          0          0          0   _printf_d.o
       112         16          0          0          0         92   _printf_dec.o
        92          6         40          0          0         84   _printf_hex_int.o
       174          0          0          0          0         88   _printf_intcommon.o
        76          0          0          0          0        104   _printf_pad.o
         0          0          0          0          0          0   _printf_percent.o
         4          0          0          0          0          0   _printf_percent_end.o
         6          0          0          0          0          0   _printf_s.o
        82          0          0          0          0         80   _printf_str.o
         6          0          0          0          0          0   _printf_x.o
        22          0          0          0          0         96   _rserrno.o
        10          0          0          0          0         68   _sputc.o
        16          6          0          0          0         68   dcheck.o
        16          6          0          0          0         68   dcheck1.o
       120          0          0          0          0         84   dcmpin.o
       116          6          0          0          0         72   dfixu.o
        54          0          0          0          0        136   dflt_clz.o
       112          6          0          0          0         68   dleqf.o
       136          6          0          0          0         68   drleqf.o
       324          8          0          0          0        100   dsqrt.o
        12          0          0          0          0         68   exit.o
        80          4          0          0          0         68   f2d.o
       568         18          0          0          0        204   faddsub_clz.o
        12          6          0          0          0         68   fcheck.o
        12          6          0          0          0         68   fcheck1.o
        88          0          0          0          0         68   fcmpin.o
       484         76          0          0          0         76   fdiv.o
        96          6          0          0          0         68   feqf.o
       112          4          0          0          0         68   ffix.o
        88          6          0          0          0         68   ffixu.o
        58          0          0          0          0        136   fflt_clz.o
        96          6          0          0          0         68   fleqf.o
       264          6          0          0          0         68   fmul.o
        74          0          0          0          0         84   fnorm2_clz.o
       108          6          0          0          0         68   frleqf.o
       134          0          0          0          0         84   funder.o
         6          0          0          0          0        148   heapauxi.o
         6          0          0          0          0          0   libinit.o
         2          0          0          0          0          0   libinit2.o
         2          0          0          0          0          0   libshutdown.o
         2          0          0          0          0          0   libshutdown2.o
         8          4          0          0         96         68   libspace.o
        72          0          0          0          0         76   llsdiv.o
       238          0          0          0          0        100   lludivv7m.o
        32          8          0          0          0         80   noretval__2printf.o
        40          6          0          0          0         80   noretval__2sprintf.o
       100          0          0          0          0         68   retnan.o
        12          6          0          0          0         68   rt_errno_addr_intlibspace.o
         0          0          0          0          0          0   rtentry.o
        12          0          0          0          0          0   rtentry2.o
         6          0          0          0          0          0   rtentry4.o
         0          0          0          0          0          0   rtexit.o
         8          0          0          0          0          0   rtexit2.o
        16          0          0          0          0         68   rtudiv10.o
        84         22          0          0          0         84   sqrt.o
        24          0          0          0          0         68   strcat.o
       128          2          0          0          0         68   strcmpv7m.o
        74          0          0          0          0         76   strcpy.o
        62          0          0          0          0         76   strlen.o
        74          0          0          0          0         80   sys_stackheap_outer.o
        48          0          0          0          0         68   trapv.o
         2          0          0          0          0         68   use_no_semi.o
         2          0          0          0          0         68   use_no_semi_2.o
         0          0          0          0          0          0   usenofp.o

    ----------------------------------------------------------------------
      5446        268         57          0         96       4380   Library Totals
        18          0          0          0          0          0   (incl. Padding)

    ----------------------------------------------------------------------

      Code (inc. data)   RO Data    RW Data    ZI Data      Debug   Library Name

      2028         64         57          0         96       2232   c_w.l
      3316        182          0          0          0       2064   fz_ws.l
        84         22          0          0          0         84   m_ws.l

    ----------------------------------------------------------------------
      5446        268         57          0         96       4380   Library Totals

    ----------------------------------------------------------------------

==============================================================================


      Code (inc. data)   RO Data    RW Data    ZI Data      Debug   

     73970       3030       9494       1868     267940     512844   Grand Totals
     73970       3030       9494        324     267940     512844   ELF Image Totals (compressed)
     73970       3030       9494        324          0          0   ROM Totals

==============================================================================

    Total RO  Size (Code + RO Data)                83464 (  81.51kB)
    Total RW  Size (RW Data + ZI Data)            269808 ( 263.48kB)
    Total ROM Size (Code + RO Data + RW Data)      83788 (  81.82kB)

==============================================================================

